
Running 3 tests using 3 workers

[1A[2K[1/3] [firefox] ΓÇ║ tests\students.spec.ts:28:9 ΓÇ║ Module 2: Student Management (P0 Flows) ΓÇ║ 2. Add a new student via the AddStudentDialog form
[1A[2K[2/3] [chromium] ΓÇ║ tests\students.spec.ts:28:9 ΓÇ║ Module 2: Student Management (P0 Flows) ΓÇ║ 2. Add a new student via the AddStudentDialog form
[1A[2K[3/3] [webkit] ΓÇ║ tests\students.spec.ts:28:9 ΓÇ║ Module 2: Student Management (P0 Flows) ΓÇ║ 2. Add a new student via the AddStudentDialog form
[1A[2K[chromium] ΓÇ║ tests\students.spec.ts:28:9 ΓÇ║ Module 2: Student Management (P0 Flows) ΓÇ║ 2. Add a new student via the AddStudentDialog form
BROWSER CONSOLE: %cDownload the React DevTools for a better development experience: https://react.dev/link/react-devtools font-weight:bold

[1A[2KBROWSER CONSOLE: [HMR] connected

[1A[2K[webkit] ΓÇ║ tests\students.spec.ts:28:9 ΓÇ║ Module 2: Student Management (P0 Flows) ΓÇ║ 2. Add a new student via the AddStudentDialog form
BROWSER CONSOLE: [HMR] connected

[1A[2K[firefox] ΓÇ║ tests\students.spec.ts:28:9 ΓÇ║ Module 2: Student Management (P0 Flows) ΓÇ║ 2. Add a new student via the AddStudentDialog form
BROWSER CONSOLE: Download the React DevTools for a better development experience: https://react.dev/link/react-devtools

[1A[2KBROWSER CONSOLE: Server Requests Track

[1A[2KBROWSER CONSOLE: Server Components Track

[1A[2KBROWSER CONSOLE: Blocking Track

[1A[2KBROWSER CONSOLE: Transition Track

[1A[2KBROWSER CONSOLE: Suspense Track

[1A[2KBROWSER CONSOLE: Idle Track

[1A[2KBROWSER CONSOLE: [HMR] connected

[1A[2KBROWSER CONSOLE: Blocked

[1A[2KBROWSER CONSOLE: Blocked

[1A[2KBROWSER CONSOLE: Blocked

[1A[2KBROWSER CONSOLE: Server Requests Track

[1A[2KBROWSER CONSOLE: Server Components Track

[1A[2KBROWSER CONSOLE: Blocked

[1A[2KBROWSER CONSOLE: Blocked

[1A[2KBROWSER CONSOLE: Blocked

[1A[2KBROWSER CONSOLE: Blocked

[1A[2KBROWSER CONSOLE: Blocked

[1A[2KBROWSER CONSOLE: Blocked

[1A[2K[chromium] ΓÇ║ tests\students.spec.ts:28:9 ΓÇ║ Module 2: Student Management (P0 Flows) ΓÇ║ 2. Add a new student via the AddStudentDialog form
BROWSER CONSOLE: Failed to load resource: the server responded with a status of 400 ()

[1A[2KBROWSER CONSOLE: Error adding student: {code: 22P02, details: null, hint: null, message: invalid input syntax for type uuid: ""}

[1A[2K[firefox] ΓÇ║ tests\students.spec.ts:28:9 ΓÇ║ Module 2: Student Management (P0 Flows) ΓÇ║ 2. Add a new student via the AddStudentDialog form
BROWSER CONSOLE: Blocked

[1A[2KBROWSER CONSOLE: Blocked

[1A[2KBROWSER CONSOLE: Blocked

[1A[2KBROWSER CONSOLE: Blocked

[1A[2KBROWSER CONSOLE: Hydrated

[1A[2KBROWSER CONSOLE: a

[1A[2KBROWSER CONSOLE: a

[1A[2KBROWSER CONSOLE: a

[1A[2KBROWSER CONSOLE: Presence

[1A[2KBROWSER CONSOLE: SegmentViewStateNode

[1A[2KBROWSER CONSOLE: Commit

[1A[2KBROWSER CONSOLE: Waiting

[1A[2KBROWSER CONSOLE: Root

[1A[2KBROWSER CONSOLE: ServerRoot

[1A[2KBROWSER CONSOLE: AppRouter

[1A[2KBROWSER CONSOLE: RootErrorBoundary

[1A[2KBROWSER CONSOLE: ErrorBoundary

[1A[2KBROWSER CONSOLE: ErrorBoundaryHandler

[1A[2KBROWSER CONSOLE: Router

[1A[2KBROWSER CONSOLE: HistoryUpdater

[1A[2KBROWSER CONSOLE: RuntimeStyles

[1A[2KBROWSER CONSOLE: HotReload

[1A[2KBROWSER CONSOLE: AppDevOverlayErrorBoundary

[1A[2KBROWSER CONSOLE: ReplaySsrOnlyErrors

[1A[2KBROWSER CONSOLE: DevRootHTTPAccessFallbackBoundary

[1A[2KBROWSER CONSOLE: HTTPAccessFallbackBoundary

[1A[2KBROWSER CONSOLE: HTTPAccessFallbackErrorBoundary

[1A[2KBROWSER CONSOLE: RedirectBoundary

[1A[2KBROWSER CONSOLE: RedirectErrorBoundary

[1A[2KBROWSER CONSOLE: Head

[1A[2KBROWSER CONSOLE: __next_viewport_boundary__

[1A[2KBROWSER CONSOLE: __next_metadata_boundary__

[1A[2KBROWSER CONSOLE: __next_root_layout_boundary__

[1A[2KBROWSER CONSOLE: SegmentViewNode

[1A[2KBROWSER CONSOLE: SegmentTrieNode

[1A[2KBROWSER CONSOLE: QueryProvider

[1A[2KBROWSER CONSOLE: QueryClientProvider

[1A[2KBROWSER CONSOLE: ThemeProvider

[1A[2KBROWSER CONSOLE: J

[1A[2KBROWSER CONSOLE: V

[1A[2KBROWSER CONSOLE: Sidebar

[1A[2KBROWSER CONSOLE: GraduationCap

[1A[2KBROWSER CONSOLE: ForwardRef

[1A[2KBROWSER CONSOLE: LinkComponent

[1A[2KBROWSER CONSOLE: House

[1A[2KBROWSER CONSOLE: ForwardRef

[1A[2KBROWSER CONSOLE: LinkComponent

[1A[2KBROWSER CONSOLE: Users

[1A[2KBROWSER CONSOLE: ForwardRef

[1A[2KBROWSER CONSOLE: LinkComponent

[1A[2KBROWSER CONSOLE: BookOpen

[1A[2KBROWSER CONSOLE: ForwardRef

[1A[2KBROWSER CONSOLE: LinkComponent

[1A[2KBROWSER CONSOLE: Video

[1A[2KBROWSER CONSOLE: ForwardRef

[1A[2KBROWSER CONSOLE: LinkComponent

[1A[2KBROWSER CONSOLE: Library

[1A[2KBROWSER CONSOLE: ForwardRef

[1A[2KBROWSER CONSOLE: LinkComponent

[1A[2KBROWSER CONSOLE: DollarSign

[1A[2KBROWSER CONSOLE: ForwardRef

[1A[2KBROWSER CONSOLE: LinkComponent

[1A[2KBROWSER CONSOLE: ClipboardCheck

[1A[2KBROWSER CONSOLE: ForwardRef

[1A[2KBROWSER CONSOLE: LinkComponent

[1A[2KBROWSER CONSOLE: MessageSquareWarning

[1A[2KBROWSER CONSOLE: ForwardRef

[1A[2KBROWSER CONSOLE: LinkComponent

[1A[2KBROWSER CONSOLE: Settings

[1A[2KBROWSER CONSOLE: ForwardRef

[1A[2KBROWSER CONSOLE: LinkComponent

[1A[2KBROWSER CONSOLE: Users

[1A[2KBROWSER CONSOLE: ForwardRef

[1A[2KBROWSER CONSOLE: Separator

[1A[2KBROWSER CONSOLE: Separator

[1A[2KBROWSER CONSOLE: OuterLayoutRouter

[1A[2KBROWSER CONSOLE: SegmentStateProvider

[1A[2KBROWSER CONSOLE: RenderFromTemplateContext

[1A[2KBROWSER CONSOLE: ScrollAndFocusHandler

[1A[2KBROWSER CONSOLE: InnerScrollAndFocusHandler

[1A[2KBROWSER CONSOLE: ErrorBoundary

[1A[2KBROWSER CONSOLE: LoadingBoundary

[1A[2KBROWSER CONSOLE: HTTPAccessFallbackBoundary

[1A[2KBROWSER CONSOLE: HTTPAccessFallbackErrorBoundary

[1A[2KBROWSER CONSOLE: RedirectBoundary

[1A[2KBROWSER CONSOLE: RedirectErrorBoundary

[1A[2KBROWSER CONSOLE: InnerLayoutRouter

[1A[2KBROWSER CONSOLE: OuterLayoutRouter

[1A[2KBROWSER CONSOLE: SegmentStateProvider

[1A[2KBROWSER CONSOLE: RenderFromTemplateContext

[1A[2KBROWSER CONSOLE: ScrollAndFocusHandler

[1A[2KBROWSER CONSOLE: InnerScrollAndFocusHandler

[1A[2KBROWSER CONSOLE: ErrorBoundary

[1A[2KBROWSER CONSOLE: LoadingBoundary

[1A[2KBROWSER CONSOLE: HTTPAccessFallbackBoundary

[1A[2KBROWSER CONSOLE: RedirectBoundary

[1A[2KBROWSER CONSOLE: RedirectErrorBoundary

[1A[2KBROWSER CONSOLE: InnerLayoutRouter

[1A[2KBROWSER CONSOLE: SegmentViewNode

[1A[2KBROWSER CONSOLE: SegmentTrieNode

[1A[2KBROWSER CONSOLE: ClientPageRoot

[1A[2KBROWSER CONSOLE: StudentsPage

[1A[2KBROWSER CONSOLE: Button

[1A[2KBROWSER CONSOLE: Plus

[1A[2KBROWSER CONSOLE: ForwardRef

[1A[2KBROWSER CONSOLE: AddStudentDialog

[1A[2KBROWSER CONSOLE: Dialog

[1A[2KBROWSER CONSOLE: Dialog

[1A[2KBROWSER CONSOLE: DialogProvider

[1A[2KBROWSER CONSOLE: DialogContent

[1A[2KBROWSER CONSOLE: DialogPortal

[1A[2KBROWSER CONSOLE: DialogPortal

[1A[2KBROWSER CONSOLE: DialogPortalProvider

[1A[2KBROWSER CONSOLE: Presence

[1A[2KBROWSER CONSOLE: Presence

[1A[2KBROWSER CONSOLE: AddStudentDialog

[1A[2KBROWSER CONSOLE: Search

[1A[2KBROWSER CONSOLE: ForwardRef

[1A[2KBROWSER CONSOLE: Input

[1A[2KBROWSER CONSOLE: Table

[1A[2KBROWSER CONSOLE: TableHeader

[1A[2KBROWSER CONSOLE: TableRow

[1A[2KBROWSER CONSOLE: TableHead

[1A[2KBROWSER CONSOLE: TableHead

[1A[2KBROWSER CONSOLE: TableHead

[1A[2KBROWSER CONSOLE: TableHead

[1A[2KBROWSER CONSOLE: TableHead

[1A[2KBROWSER CONSOLE: TableBody

[1A[2KBROWSER CONSOLE: TableRow

[1A[2KBROWSER CONSOLE: TableCell

[1A[2KBROWSER CONSOLE: LoaderCircle

[1A[2KBROWSER CONSOLE: ForwardRef

[1A[2KBROWSER CONSOLE: StudentsPage

[1A[2KBROWSER CONSOLE: __next_outlet_boundary__

[1A[2KBROWSER CONSOLE: SegmentViewStateNode

[1A[2KBROWSER CONSOLE: SegmentViewStateNode

[1A[2KBROWSER CONSOLE: SegmentViewNode

[1A[2KBROWSER CONSOLE: SegmentTrieNode

[1A[2KBROWSER CONSOLE: SegmentViewNode

[1A[2KBROWSER CONSOLE: ForwardRef(Toaster)

[1A[2KBROWSER CONSOLE: V

[1A[2KBROWSER CONSOLE: AppRouterAnnouncer

[1A[2KBROWSER CONSOLE: Router

[1A[2KBROWSER CONSOLE: Remaining Effects

[1A[2KBROWSER CONSOLE: Blocking Track

[1A[2KBROWSER CONSOLE: Transition Track

[1A[2KBROWSER CONSOLE: Suspense Track

[1A[2KBROWSER CONSOLE: Idle Track

[1A[2KBROWSER CONSOLE: Render

[1A[2KBROWSER CONSOLE: Commit

[1A[2KBROWSER CONSOLE: AppRouterAnnouncer

[1A[2KBROWSER CONSOLE: Remaining Effects

[1A[2KBROWSER CONSOLE: Blocking Track

[1A[2KBROWSER CONSOLE: Transition Track

[1A[2KBROWSER CONSOLE: Suspense Track

[1A[2KBROWSER CONSOLE: Idle Track

[1A[2KBROWSER CONSOLE: Blocked

[1A[2KBROWSER CONSOLE: Blocked

[1A[2KBROWSER CONSOLE: Render

[1A[2KBROWSER CONSOLE: Commit

[1A[2KBROWSER CONSOLE: Waiting for Paint

[1A[2KBROWSER CONSOLE: Remaining Effects

[1A[2KBROWSER CONSOLE: Blocking Track

[1A[2KBROWSER CONSOLE: Transition Track

[1A[2KBROWSER CONSOLE: Suspense Track

[1A[2KBROWSER CONSOLE: Idle Track

[1A[2KBROWSER CONSOLE: Blocked

[1A[2KBROWSER CONSOLE: Prepared

[1A[2KBROWSER CONSOLE: Commit

[1A[2KBROWSER CONSOLE: Waiting for Paint

[1A[2KBROWSER CONSOLE: IconMark

[1A[2KBROWSER CONSOLE: Remaining Effects

[1A[2KBROWSER CONSOLE: Blocking Track

[1A[2KBROWSER CONSOLE: Transition Track

[1A[2KBROWSER CONSOLE: Suspense Track

[1A[2KBROWSER CONSOLE: Idle Track

[1A[2KBROWSER CONSOLE: Render

[1A[2KBROWSER CONSOLE: AddStudentDialog

[1A[2KBROWSER CONSOLE: AddStudentDialog

[1A[2KBROWSER CONSOLE: Remaining Effects

[1A[2KBROWSER CONSOLE: Blocking Track

[1A[2KBROWSER CONSOLE: Transition Track

[1A[2KBROWSER CONSOLE: Suspense Track

[1A[2KBROWSER CONSOLE: Idle Track

[1A[2KBROWSER CONSOLE: Render

[1A[2KBROWSER CONSOLE: Commit

[1A[2KBROWSER CONSOLE: AddStudentDialog

[1A[2KBROWSER CONSOLE: Remaining Effects

[1A[2KBROWSER CONSOLE: Blocking Track

[1A[2KBROWSER CONSOLE: Transition Track

[1A[2KBROWSER CONSOLE: Suspense Track

[1A[2KBROWSER CONSOLE: Idle Track

[1A[2KBROWSER CONSOLE: Render

[1A[2KBROWSER CONSOLE: a

[1A[2KBROWSER CONSOLE: a

[1A[2KBROWSER CONSOLE: a

[1A[2KBROWSER CONSOLE: a

[1A[2KBROWSER CONSOLE: a

[1A[2KBROWSER CONSOLE: a

[1A[2KBROWSER CONSOLE: a

[1A[2KBROWSER CONSOLE: a

[1A[2KBROWSER CONSOLE: a

[1A[2KBROWSER CONSOLE: a

[1A[2KBROWSER CONSOLE: a

[1A[2KBROWSER CONSOLE: a

[1A[2KBROWSER CONSOLE: a

[1A[2KBROWSER CONSOLE: a

[1A[2KBROWSER CONSOLE: a

[1A[2KBROWSER CONSOLE: a

[1A[2KBROWSER CONSOLE: a

[1A[2KBROWSER CONSOLE: a

[1A[2KBROWSER CONSOLE: a

[1A[2KBROWSER CONSOLE: a

[1A[2KBROWSER CONSOLE: Commit

[1A[2KBROWSER CONSOLE: StudentsPage

[1A[2KBROWSER CONSOLE: Plus

[1A[2KBROWSER CONSOLE: AddStudentDialog

[1A[2KBROWSER CONSOLE: AddStudentDialog

[1A[2KBROWSER CONSOLE: Search

[1A[2KBROWSER CONSOLE: TableRow

[1A[2KBROWSER CONSOLE: TableCell

[1A[2KBROWSER CONSOLE: LinkComponent

[1A[2KBROWSER CONSOLE: TableCell

[1A[2KBROWSER CONSOLE: TableCell

[1A[2KBROWSER CONSOLE: TableCell

[1A[2KBROWSER CONSOLE: TableCell

[1A[2KBROWSER CONSOLE: TableRow

[1A[2KBROWSER CONSOLE: TableCell

[1A[2KBROWSER CONSOLE: LinkComponent

[1A[2KBROWSER CONSOLE: TableCell

[1A[2KBROWSER CONSOLE: TableCell

[1A[2KBROWSER CONSOLE: TableCell

[1A[2KBROWSER CONSOLE: TableCell

[1A[2KBROWSER CONSOLE: TableRow

[1A[2KBROWSER CONSOLE: TableCell

[1A[2KBROWSER CONSOLE: TableCell

[1A[2KBROWSER CONSOLE: TableCell

[1A[2KBROWSER CONSOLE: TableCell

[1A[2KBROWSER CONSOLE: TableCell

[1A[2KBROWSER CONSOLE: TableRow

[1A[2KBROWSER CONSOLE: TableCell

[1A[2KBROWSER CONSOLE: LinkComponent

[1A[2KBROWSER CONSOLE: TableCell

[1A[2KBROWSER CONSOLE: TableCell

[1A[2KBROWSER CONSOLE: TableCell

[1A[2KBROWSER CONSOLE: TableCell

[1A[2KBROWSER CONSOLE: TableRow

[1A[2KBROWSER CONSOLE: TableCell

[1A[2KBROWSER CONSOLE: LinkComponent

[1A[2KBROWSER CONSOLE: TableCell

[1A[2KBROWSER CONSOLE: TableCell

[1A[2KBROWSER CONSOLE: TableCell

[1A[2KBROWSER CONSOLE: TableCell

[1A[2KBROWSER CONSOLE: TableRow

[1A[2KBROWSER CONSOLE: TableCell

[1A[2KBROWSER CONSOLE: LinkComponent

[1A[2KBROWSER CONSOLE: TableCell

[1A[2KBROWSER CONSOLE: TableCell

[1A[2KBROWSER CONSOLE: TableCell

[1A[2KBROWSER CONSOLE: TableCell

[1A[2KBROWSER CONSOLE: TableRow

[1A[2KBROWSER CONSOLE: TableCell

[1A[2KBROWSER CONSOLE: TableCell

[1A[2KBROWSER CONSOLE: TableCell

[1A[2KBROWSER CONSOLE: TableCell

[1A[2KBROWSER CONSOLE: TableCell

[1A[2KBROWSER CONSOLE: TableRow

[1A[2KBROWSER CONSOLE: TableCell

[1A[2KBROWSER CONSOLE: TableCell

[1A[2KBROWSER CONSOLE: TableCell

[1A[2KBROWSER CONSOLE: TableCell

[1A[2KBROWSER CONSOLE: TableCell

[1A[2KBROWSER CONSOLE: TableRow

[1A[2KBROWSER CONSOLE: TableCell

[1A[2KBROWSER CONSOLE: TableCell

[1A[2KBROWSER CONSOLE: TableCell

[1A[2KBROWSER CONSOLE: TableCell

[1A[2KBROWSER CONSOLE: TableCell

[1A[2KBROWSER CONSOLE: TableRow

[1A[2KBROWSER CONSOLE: TableCell

[1A[2KBROWSER CONSOLE: TableCell

[1A[2KBROWSER CONSOLE: TableCell

[1A[2KBROWSER CONSOLE: TableCell

[1A[2KBROWSER CONSOLE: TableCell

[1A[2KBROWSER CONSOLE: TableRow

[1A[2KBROWSER CONSOLE: TableCell

[1A[2KBROWSER CONSOLE: LinkComponent

[1A[2KBROWSER CONSOLE: TableCell

[1A[2KBROWSER CONSOLE: TableCell

[1A[2KBROWSER CONSOLE: TableCell

[1A[2KBROWSER CONSOLE: TableCell

[1A[2KBROWSER CONSOLE: TableRow

[1A[2KBROWSER CONSOLE: TableCell

[1A[2KBROWSER CONSOLE: TableCell

[1A[2KBROWSER CONSOLE: TableCell

[1A[2KBROWSER CONSOLE: TableCell

[1A[2KBROWSER CONSOLE: TableCell

[1A[2KBROWSER CONSOLE: TableRow

[1A[2KBROWSER CONSOLE: TableCell

[1A[2KBROWSER CONSOLE: TableCell

[1A[2KBROWSER CONSOLE: TableCell

[1A[2KBROWSER CONSOLE: TableCell

[1A[2KBROWSER CONSOLE: TableCell

[1A[2KBROWSER CONSOLE: TableRow

[1A[2KBROWSER CONSOLE: TableCell

[1A[2KBROWSER CONSOLE: TableCell

[1A[2KBROWSER CONSOLE: TableCell

[1A[2KBROWSER CONSOLE: TableCell

[1A[2KBROWSER CONSOLE: TableCell

[1A[2KBROWSER CONSOLE: TableRow

[1A[2KBROWSER CONSOLE: TableCell

[1A[2KBROWSER CONSOLE: TableCell

[1A[2KBROWSER CONSOLE: TableCell

[1A[2KBROWSER CONSOLE: TableCell

[1A[2KBROWSER CONSOLE: TableCell

[1A[2KBROWSER CONSOLE: TableRow

[1A[2KBROWSER CONSOLE: TableCell

[1A[2KBROWSER CONSOLE: TableCell

[1A[2KBROWSER CONSOLE: TableCell

[1A[2KBROWSER CONSOLE: TableCell

[1A[2KBROWSER CONSOLE: TableCell

[1A[2KBROWSER CONSOLE: TableRow

[1A[2KBROWSER CONSOLE: TableCell

[1A[2KBROWSER CONSOLE: LinkComponent

[1A[2KBROWSER CONSOLE: TableCell

[1A[2KBROWSER CONSOLE: TableCell

[1A[2KBROWSER CONSOLE: TableCell

[1A[2KBROWSER CONSOLE: TableCell

[1A[2KBROWSER CONSOLE: TableRow

[1A[2KBROWSER CONSOLE: TableCell

[1A[2KBROWSER CONSOLE: LinkComponent

[1A[2KBROWSER CONSOLE: TableCell

[1A[2KBROWSER CONSOLE: TableCell

[1A[2KBROWSER CONSOLE: TableCell

[1A[2KBROWSER CONSOLE: TableCell

[1A[2KBROWSER CONSOLE: TableRow

[1A[2KBROWSER CONSOLE: TableCell

[1A[2KBROWSER CONSOLE: TableCell

[1A[2KBROWSER CONSOLE: TableCell

[1A[2KBROWSER CONSOLE: TableCell

[1A[2KBROWSER CONSOLE: TableCell

[1A[2KBROWSER CONSOLE: TableRow

[1A[2KBROWSER CONSOLE: TableCell

[1A[2KBROWSER CONSOLE: LinkComponent

[1A[2KBROWSER CONSOLE: TableCell

[1A[2KBROWSER CONSOLE: TableCell

[1A[2KBROWSER CONSOLE: TableCell

[1A[2KBROWSER CONSOLE: TableCell

[1A[2KBROWSER CONSOLE: TableRow

[1A[2KBROWSER CONSOLE: TableCell

[1A[2KBROWSER CONSOLE: LinkComponent

[1A[2KBROWSER CONSOLE: TableCell

[1A[2KBROWSER CONSOLE: TableCell

[1A[2KBROWSER CONSOLE: TableCell

[1A[2KBROWSER CONSOLE: TableCell

[1A[2KBROWSER CONSOLE: TableRow

[1A[2KBROWSER CONSOLE: TableCell

[1A[2KBROWSER CONSOLE: TableCell

[1A[2KBROWSER CONSOLE: TableCell

[1A[2KBROWSER CONSOLE: TableCell

[1A[2KBROWSER CONSOLE: TableCell

[1A[2KBROWSER CONSOLE: TableRow

[1A[2KBROWSER CONSOLE: TableCell

[1A[2KBROWSER CONSOLE: LinkComponent

[1A[2KBROWSER CONSOLE: TableCell

[1A[2KBROWSER CONSOLE: TableCell

[1A[2KBROWSER CONSOLE: TableCell

[1A[2KBROWSER CONSOLE: TableCell

[1A[2KBROWSER CONSOLE: TableRow

[1A[2KBROWSER CONSOLE: TableCell

[1A[2KBROWSER CONSOLE: LinkComponent

[1A[2KBROWSER CONSOLE: TableCell

[1A[2KBROWSER CONSOLE: TableCell

[1A[2KBROWSER CONSOLE: TableCell

[1A[2KBROWSER CONSOLE: TableCell

[1A[2KBROWSER CONSOLE: TableRow

[1A[2KBROWSER CONSOLE: TableCell

[1A[2KBROWSER CONSOLE: TableCell

[1A[2KBROWSER CONSOLE: TableCell

[1A[2KBROWSER CONSOLE: TableCell

[1A[2KBROWSER CONSOLE: TableCell

[1A[2KBROWSER CONSOLE: TableRow

[1A[2KBROWSER CONSOLE: TableCell

[1A[2KBROWSER CONSOLE: LinkComponent

[1A[2KBROWSER CONSOLE: TableCell

[1A[2KBROWSER CONSOLE: TableCell

[1A[2KBROWSER CONSOLE: TableCell

[1A[2KBROWSER CONSOLE: TableCell

[1A[2KBROWSER CONSOLE: TableRow

[1A[2KBROWSER CONSOLE: TableCell

[1A[2KBROWSER CONSOLE: LinkComponent

[1A[2KBROWSER CONSOLE: TableCell

[1A[2KBROWSER CONSOLE: TableCell

[1A[2KBROWSER CONSOLE: TableCell

[1A[2KBROWSER CONSOLE: TableCell

[1A[2KBROWSER CONSOLE: TableRow

[1A[2KBROWSER CONSOLE: TableCell

[1A[2KBROWSER CONSOLE: TableCell

[1A[2KBROWSER CONSOLE: TableCell

[1A[2KBROWSER CONSOLE: TableCell

[1A[2KBROWSER CONSOLE: TableCell

[1A[2KBROWSER CONSOLE: TableRow

[1A[2KBROWSER CONSOLE: TableCell

[1A[2KBROWSER CONSOLE: TableCell

[1A[2KBROWSER CONSOLE: TableCell

[1A[2KBROWSER CONSOLE: TableCell

[1A[2KBROWSER CONSOLE: TableCell

[1A[2KBROWSER CONSOLE: TableRow

[1A[2KBROWSER CONSOLE: TableCell

[1A[2KBROWSER CONSOLE: TableCell

[1A[2KBROWSER CONSOLE: TableCell

[1A[2KBROWSER CONSOLE: TableCell

[1A[2KBROWSER CONSOLE: TableCell

[1A[2KBROWSER CONSOLE: TableRow

[1A[2KBROWSER CONSOLE: TableCell

[1A[2KBROWSER CONSOLE: LinkComponent

[1A[2KBROWSER CONSOLE: TableCell

[1A[2KBROWSER CONSOLE: TableCell

[1A[2KBROWSER CONSOLE: TableCell

[1A[2KBROWSER CONSOLE: TableCell

[1A[2KBROWSER CONSOLE: TableRow

[1A[2KBROWSER CONSOLE: TableCell

[1A[2KBROWSER CONSOLE: TableCell

[1A[2KBROWSER CONSOLE: TableCell

[1A[2KBROWSER CONSOLE: TableCell

[1A[2KBROWSER CONSOLE: TableCell

[1A[2KBROWSER CONSOLE: TableRow

[1A[2KBROWSER CONSOLE: TableCell

[1A[2KBROWSER CONSOLE: TableCell

[1A[2KBROWSER CONSOLE: TableCell

[1A[2KBROWSER CONSOLE: TableCell

[1A[2KBROWSER CONSOLE: TableCell

[1A[2KBROWSER CONSOLE: TableRow

[1A[2KBROWSER CONSOLE: TableCell

[1A[2KBROWSER CONSOLE: TableCell

[1A[2KBROWSER CONSOLE: TableCell

[1A[2KBROWSER CONSOLE: TableCell

[1A[2KBROWSER CONSOLE: TableCell

[1A[2KBROWSER CONSOLE: TableRow

[1A[2KBROWSER CONSOLE: TableCell

[1A[2KBROWSER CONSOLE: TableCell

[1A[2KBROWSER CONSOLE: TableCell

[1A[2KBROWSER CONSOLE: TableCell

[1A[2KBROWSER CONSOLE: TableCell

[1A[2KBROWSER CONSOLE: TableRow

[1A[2KBROWSER CONSOLE: TableCell

[1A[2KBROWSER CONSOLE: LinkComponent

[1A[2KBROWSER CONSOLE: TableCell

[1A[2KBROWSER CONSOLE: TableCell

[1A[2KBROWSER CONSOLE: TableCell

[1A[2KBROWSER CONSOLE: TableCell

[1A[2KBROWSER CONSOLE: TableRow

[1A[2KBROWSER CONSOLE: TableCell

[1A[2KBROWSER CONSOLE: TableCell

[1A[2KBROWSER CONSOLE: TableCell

[1A[2KBROWSER CONSOLE: TableCell

[1A[2KBROWSER CONSOLE: TableCell

[1A[2KBROWSER CONSOLE: TableRow

[1A[2KBROWSER CONSOLE: TableCell

[1A[2KBROWSER CONSOLE: LinkComponent

[1A[2KBROWSER CONSOLE: TableCell

[1A[2KBROWSER CONSOLE: TableCell

[1A[2KBROWSER CONSOLE: TableCell

[1A[2KBROWSER CONSOLE: TableCell

[1A[2KBROWSER CONSOLE: TableRow

[1A[2KBROWSER CONSOLE: TableCell

[1A[2KBROWSER CONSOLE: LinkComponent

[1A[2KBROWSER CONSOLE: TableCell

[1A[2KBROWSER CONSOLE: TableCell

[1A[2KBROWSER CONSOLE: TableCell

[1A[2KBROWSER CONSOLE: TableCell

[1A[2KBROWSER CONSOLE: TableRow

[1A[2KBROWSER CONSOLE: TableCell

[1A[2KBROWSER CONSOLE: LinkComponent

[1A[2KBROWSER CONSOLE: TableCell

[1A[2KBROWSER CONSOLE: TableCell

[1A[2KBROWSER CONSOLE: TableCell

[1A[2KBROWSER CONSOLE: TableCell

[1A[2KBROWSER CONSOLE: TableRow

[1A[2KBROWSER CONSOLE: TableCell

[1A[2KBROWSER CONSOLE: LinkComponent

[1A[2KBROWSER CONSOLE: TableCell

[1A[2KBROWSER CONSOLE: TableCell

[1A[2KBROWSER CONSOLE: TableCell

[1A[2KBROWSER CONSOLE: TableCell

[1A[2KBROWSER CONSOLE: TableRow

[1A[2KBROWSER CONSOLE: TableCell

[1A[2KBROWSER CONSOLE: TableCell

[1A[2KBROWSER CONSOLE: TableCell

[1A[2KBROWSER CONSOLE: TableCell

[1A[2KBROWSER CONSOLE: TableCell

[1A[2KBROWSER CONSOLE: TableRow

[1A[2KBROWSER CONSOLE: TableCell

[1A[2KBROWSER CONSOLE: TableCell

[1A[2KBROWSER CONSOLE: TableCell

[1A[2KBROWSER CONSOLE: TableCell

[1A[2KBROWSER CONSOLE: TableCell

[1A[2KBROWSER CONSOLE: TableRow

[1A[2KBROWSER CONSOLE: TableCell

[1A[2KBROWSER CONSOLE: LinkComponent

[1A[2KBROWSER CONSOLE: TableCell

[1A[2KBROWSER CONSOLE: TableCell

[1A[2KBROWSER CONSOLE: TableCell

[1A[2KBROWSER CONSOLE: TableCell

[1A[2KBROWSER CONSOLE: TableRow

[1A[2KBROWSER CONSOLE: TableRow

[1A[2KBROWSER CONSOLE: TableCell

[1A[2KBROWSER CONSOLE: LinkComponent

[1A[2KBROWSER CONSOLE: TableCell

[1A[2KBROWSER CONSOLE: TableCell

[1A[2KBROWSER CONSOLE: TableCell

[1A[2KBROWSER CONSOLE: TableCell

[1A[2KBROWSER CONSOLE: TableRow

[1A[2KBROWSER CONSOLE: TableCell

[1A[2KBROWSER CONSOLE: LinkComponent

[1A[2KBROWSER CONSOLE: TableCell

[1A[2KBROWSER CONSOLE: TableCell

[1A[2KBROWSER CONSOLE: TableCell

[1A[2KBROWSER CONSOLE: TableCell

[1A[2KBROWSER CONSOLE: TableRow

[1A[2KBROWSER CONSOLE: TableCell

[1A[2KBROWSER CONSOLE: LinkComponent

[1A[2KBROWSER CONSOLE: TableCell

[1A[2KBROWSER CONSOLE: TableCell

[1A[2KBROWSER CONSOLE: TableCell

[1A[2KBROWSER CONSOLE: TableCell

[1A[2KBROWSER CONSOLE: TableRow

[1A[2KBROWSER CONSOLE: TableCell

[1A[2KBROWSER CONSOLE: LinkComponent

[1A[2KBROWSER CONSOLE: TableCell

[1A[2KBROWSER CONSOLE: TableCell

[1A[2KBROWSER CONSOLE: TableCell

[1A[2KBROWSER CONSOLE: TableCell

[1A[2KBROWSER CONSOLE: TableRow

[1A[2KBROWSER CONSOLE: TableCell

[1A[2KBROWSER CONSOLE: TableCell

[1A[2KBROWSER CONSOLE: TableCell

[1A[2KBROWSER CONSOLE: TableCell

[1A[2KBROWSER CONSOLE: TableCell

[1A[2KBROWSER CONSOLE: TableRow

[1A[2KBROWSER CONSOLE: TableCell

[1A[2KBROWSER CONSOLE: LinkComponent

[1A[2KBROWSER CONSOLE: TableCell

[1A[2KBROWSER CONSOLE: TableCell

[1A[2KBROWSER CONSOLE: TableCell

[1A[2KBROWSER CONSOLE: TableCell

[1A[2KBROWSER CONSOLE: TableRow

[1A[2KBROWSER CONSOLE: TableCell

[1A[2KBROWSER CONSOLE: LinkComponent

[1A[2KBROWSER CONSOLE: TableCell

[1A[2KBROWSER CONSOLE: TableCell

[1A[2KBROWSER CONSOLE: TableCell

[1A[2KBROWSER CONSOLE: TableCell

[1A[2KBROWSER CONSOLE: TableRow

[1A[2KBROWSER CONSOLE: TableCell

[1A[2KBROWSER CONSOLE: LinkComponent

[1A[2KBROWSER CONSOLE: TableCell

[1A[2KBROWSER CONSOLE: TableCell

[1A[2KBROWSER CONSOLE: TableCell

[1A[2KBROWSER CONSOLE: TableCell

[1A[2KBROWSER CONSOLE: TableRow

[1A[2KBROWSER CONSOLE: TableCell

[1A[2KBROWSER CONSOLE: LinkComponent

[1A[2KBROWSER CONSOLE: TableCell

[1A[2KBROWSER CONSOLE: TableCell

[1A[2KBROWSER CONSOLE: TableCell

[1A[2KBROWSER CONSOLE: TableCell

[1A[2KBROWSER CONSOLE: TableRow

[1A[2KBROWSER CONSOLE: TableCell

[1A[2KBROWSER CONSOLE: TableCell

[1A[2KBROWSER CONSOLE: TableCell

[1A[2KBROWSER CONSOLE: TableCell

[1A[2KBROWSER CONSOLE: TableCell

[1A[2KBROWSER CONSOLE: TableRow

[1A[2KBROWSER CONSOLE: TableCell

[1A[2KBROWSER CONSOLE: TableCell

[1A[2KBROWSER CONSOLE: TableCell

[1A[2KBROWSER CONSOLE: TableCell

[1A[2KBROWSER CONSOLE: TableCell

[1A[2KBROWSER CONSOLE: TableRow

[1A[2KBROWSER CONSOLE: TableCell

[1A[2KBROWSER CONSOLE: LinkComponent

[1A[2KBROWSER CONSOLE: TableCell

[1A[2KBROWSER CONSOLE: TableCell

[1A[2KBROWSER CONSOLE: TableCell

[1A[2KBROWSER CONSOLE: TableCell

[1A[2KBROWSER CONSOLE: TableRow

[1A[2KBROWSER CONSOLE: TableRow

[1A[2KBROWSER CONSOLE: TableCell

[1A[2KBROWSER CONSOLE: TableCell

[1A[2KBROWSER CONSOLE: TableCell

[1A[2KBROWSER CONSOLE: TableCell

[1A[2KBROWSER CONSOLE: TableCell

[1A[2KBROWSER CONSOLE: TableRow

[1A[2KBROWSER CONSOLE: TableCell

[1A[2KBROWSER CONSOLE: TableCell

[1A[2KBROWSER CONSOLE: TableCell

[1A[2KBROWSER CONSOLE: TableCell

[1A[2KBROWSER CONSOLE: TableCell

[1A[2KBROWSER CONSOLE: TableRow

[1A[2KBROWSER CONSOLE: TableCell

[1A[2KBROWSER CONSOLE: TableCell

[1A[2KBROWSER CONSOLE: TableCell

[1A[2KBROWSER CONSOLE: TableCell

[1A[2KBROWSER CONSOLE: TableCell

[1A[2KBROWSER CONSOLE: TableRow

[1A[2KBROWSER CONSOLE: TableCell

[1A[2KBROWSER CONSOLE: TableCell

[1A[2KBROWSER CONSOLE: TableCell

[1A[2KBROWSER CONSOLE: TableCell

[1A[2KBROWSER CONSOLE: TableCell

[1A[2KBROWSER CONSOLE: TableRow

[1A[2KBROWSER CONSOLE: TableRow

[1A[2KBROWSER CONSOLE: TableRow

[1A[2KBROWSER CONSOLE: TableCell

[1A[2KBROWSER CONSOLE: LinkComponent

[1A[2KBROWSER CONSOLE: TableCell

[1A[2KBROWSER CONSOLE: TableCell

[1A[2KBROWSER CONSOLE: TableCell

[1A[2KBROWSER CONSOLE: TableCell

[1A[2KBROWSER CONSOLE: TableRow

[1A[2KBROWSER CONSOLE: TableCell

[1A[2KBROWSER CONSOLE: TableCell

[1A[2KBROWSER CONSOLE: TableCell

[1A[2KBROWSER CONSOLE: TableCell

[1A[2KBROWSER CONSOLE: TableCell

[1A[2KBROWSER CONSOLE: TableRow

[1A[2KBROWSER CONSOLE: TableCell

[1A[2KBROWSER CONSOLE: TableCell

[1A[2KBROWSER CONSOLE: TableCell

[1A[2KBROWSER CONSOLE: TableCell

[1A[2KBROWSER CONSOLE: TableCell

[1A[2KBROWSER CONSOLE: TableRow

[1A[2KBROWSER CONSOLE: TableCell

[1A[2KBROWSER CONSOLE: LinkComponent

[1A[2KBROWSER CONSOLE: TableCell

[1A[2KBROWSER CONSOLE: TableCell

[1A[2KBROWSER CONSOLE: TableCell

[1A[2KBROWSER CONSOLE: TableCell

[1A[2KBROWSER CONSOLE: TableRow

[1A[2KBROWSER CONSOLE: TableCell

[1A[2KBROWSER CONSOLE: TableCell

[1A[2KBROWSER CONSOLE: TableCell

[1A[2KBROWSER CONSOLE: TableCell

[1A[2KBROWSER CONSOLE: TableCell

[1A[2KBROWSER CONSOLE: TableRow

[1A[2KBROWSER CONSOLE: TableCell

[1A[2KBROWSER CONSOLE: LinkComponent

[1A[2KBROWSER CONSOLE: TableCell

[1A[2KBROWSER CONSOLE: TableCell

[1A[2KBROWSER CONSOLE: TableCell

[1A[2KBROWSER CONSOLE: TableCell

[1A[2KBROWSER CONSOLE: TableRow

[1A[2KBROWSER CONSOLE: TableCell

[1A[2KBROWSER CONSOLE: LinkComponent

[1A[2KBROWSER CONSOLE: TableCell

[1A[2KBROWSER CONSOLE: TableCell

[1A[2KBROWSER CONSOLE: TableCell

[1A[2KBROWSER CONSOLE: TableCell

[1A[2KBROWSER CONSOLE: TableRow

[1A[2KBROWSER CONSOLE: TableCell

[1A[2KBROWSER CONSOLE: TableCell

[1A[2KBROWSER CONSOLE: TableCell

[1A[2KBROWSER CONSOLE: TableCell

[1A[2KBROWSER CONSOLE: TableCell

[1A[2KBROWSER CONSOLE: TableRow

[1A[2KBROWSER CONSOLE: TableRow

[1A[2KBROWSER CONSOLE: TableCell

[1A[2KBROWSER CONSOLE: LinkComponent

[1A[2KBROWSER CONSOLE: TableCell

[1A[2KBROWSER CONSOLE: TableCell

[1A[2KBROWSER CONSOLE: TableCell

[1A[2KBROWSER CONSOLE: TableCell

[1A[2KBROWSER CONSOLE: TableRow

[1A[2KBROWSER CONSOLE: TableCell

[1A[2KBROWSER CONSOLE: TableCell

[1A[2KBROWSER CONSOLE: TableCell

[1A[2KBROWSER CONSOLE: TableCell

[1A[2KBROWSER CONSOLE: TableCell

[1A[2KBROWSER CONSOLE: TableRow

[1A[2KBROWSER CONSOLE: TableCell

[1A[2KBROWSER CONSOLE: TableCell

[1A[2KBROWSER CONSOLE: TableCell

[1A[2KBROWSER CONSOLE: TableCell

[1A[2KBROWSER CONSOLE: TableCell

[1A[2KBROWSER CONSOLE: TableRow

[1A[2KBROWSER CONSOLE: TableCell

[1A[2KBROWSER CONSOLE: TableCell

[1A[2KBROWSER CONSOLE: TableCell

[1A[2KBROWSER CONSOLE: TableCell

[1A[2KBROWSER CONSOLE: TableCell

[1A[2KBROWSER CONSOLE: TableRow

[1A[2KBROWSER CONSOLE: TableRow

[1A[2KBROWSER CONSOLE: TableCell

[1A[2KBROWSER CONSOLE: TableCell

[1A[2KBROWSER CONSOLE: TableCell

[1A[2KBROWSER CONSOLE: TableCell

[1A[2KBROWSER CONSOLE: TableCell

[1A[2KBROWSER CONSOLE: TableRow

[1A[2KBROWSER CONSOLE: TableCell

[1A[2KBROWSER CONSOLE: TableCell

[1A[2KBROWSER CONSOLE: TableCell

[1A[2KBROWSER CONSOLE: TableCell

[1A[2KBROWSER CONSOLE: TableCell

[1A[2KBROWSER CONSOLE: TableRow

[1A[2KBROWSER CONSOLE: TableRow

[1A[2KBROWSER CONSOLE: TableCell

[1A[2KBROWSER CONSOLE: LinkComponent

[1A[2KBROWSER CONSOLE: TableCell

[1A[2KBROWSER CONSOLE: TableCell

[1A[2KBROWSER CONSOLE: TableCell

[1A[2KBROWSER CONSOLE: TableCell

[1A[2KBROWSER CONSOLE: TableRow

[1A[2KBROWSER CONSOLE: TableCell

[1A[2KBROWSER CONSOLE: LinkComponent

[1A[2KBROWSER CONSOLE: TableCell

[1A[2KBROWSER CONSOLE: TableCell

[1A[2KBROWSER CONSOLE: TableCell

[1A[2KBROWSER CONSOLE: TableCell

[1A[2KBROWSER CONSOLE: TableRow

[1A[2KBROWSER CONSOLE: TableCell

[1A[2KBROWSER CONSOLE: TableCell

[1A[2KBROWSER CONSOLE: TableCell

[1A[2KBROWSER CONSOLE: TableCell

[1A[2KBROWSER CONSOLE: TableCell

[1A[2KBROWSER CONSOLE: TableRow

[1A[2KBROWSER CONSOLE: TableCell

[1A[2KBROWSER CONSOLE: TableCell

[1A[2KBROWSER CONSOLE: TableCell

[1A[2KBROWSER CONSOLE: TableCell

[1A[2KBROWSER CONSOLE: TableCell

[1A[2KBROWSER CONSOLE: TableRow

[1A[2KBROWSER CONSOLE: TableCell

[1A[2KBROWSER CONSOLE: TableCell

[1A[2KBROWSER CONSOLE: TableCell

[1A[2KBROWSER CONSOLE: TableCell

[1A[2KBROWSER CONSOLE: TableCell

[1A[2KBROWSER CONSOLE: TableRow

[1A[2KBROWSER CONSOLE: TableCell

[1A[2KBROWSER CONSOLE: TableCell

[1A[2KBROWSER CONSOLE: TableCell

[1A[2KBROWSER CONSOLE: TableCell

[1A[2KBROWSER CONSOLE: TableCell

[1A[2KBROWSER CONSOLE: TableRow

[1A[2KBROWSER CONSOLE: TableCell

[1A[2KBROWSER CONSOLE: LinkComponent

[1A[2KBROWSER CONSOLE: TableCell

[1A[2KBROWSER CONSOLE: TableCell

[1A[2KBROWSER CONSOLE: TableCell

[1A[2KBROWSER CONSOLE: TableCell

[1A[2KBROWSER CONSOLE: TableRow

[1A[2KBROWSER CONSOLE: TableCell

[1A[2KBROWSER CONSOLE: LinkComponent

[1A[2KBROWSER CONSOLE: TableCell

[1A[2KBROWSER CONSOLE: TableCell

[1A[2KBROWSER CONSOLE: TableCell

[1A[2KBROWSER CONSOLE: TableCell

[1A[2KBROWSER CONSOLE: TableRow

[1A[2KBROWSER CONSOLE: TableCell

[1A[2KBROWSER CONSOLE: TableCell

[1A[2KBROWSER CONSOLE: TableCell

[1A[2KBROWSER CONSOLE: TableCell

[1A[2KBROWSER CONSOLE: TableCell

[1A[2KBROWSER CONSOLE: TableRow

[1A[2KBROWSER CONSOLE: TableCell

[1A[2KBROWSER CONSOLE: LinkComponent

[1A[2KBROWSER CONSOLE: TableCell

[1A[2KBROWSER CONSOLE: TableCell

[1A[2KBROWSER CONSOLE: TableCell

[1A[2KBROWSER CONSOLE: TableCell

[1A[2KBROWSER CONSOLE: TableRow

[1A[2KBROWSER CONSOLE: TableCell

[1A[2KBROWSER CONSOLE: TableCell

[1A[2KBROWSER CONSOLE: TableCell

[1A[2KBROWSER CONSOLE: TableCell

[1A[2KBROWSER CONSOLE: TableCell

[1A[2KBROWSER CONSOLE: TableRow

[1A[2KBROWSER CONSOLE: TableCell

[1A[2KBROWSER CONSOLE: TableCell

[1A[2KBROWSER CONSOLE: TableCell

[1A[2KBROWSER CONSOLE: TableCell

[1A[2KBROWSER CONSOLE: TableCell

[1A[2KBROWSER CONSOLE: TableRow

[1A[2KBROWSER CONSOLE: TableCell

[1A[2KBROWSER CONSOLE: TableCell

[1A[2KBROWSER CONSOLE: TableCell

[1A[2KBROWSER CONSOLE: TableCell

[1A[2KBROWSER CONSOLE: TableCell

[1A[2KBROWSER CONSOLE: TableRow

[1A[2KBROWSER CONSOLE: TableCell

[1A[2KBROWSER CONSOLE: TableCell

[1A[2KBROWSER CONSOLE: TableCell

[1A[2KBROWSER CONSOLE: TableCell

[1A[2KBROWSER CONSOLE: TableCell

[1A[2KBROWSER CONSOLE: TableRow

[1A[2KBROWSER CONSOLE: TableCell

[1A[2KBROWSER CONSOLE: TableCell

[1A[2KBROWSER CONSOLE: TableCell

[1A[2KBROWSER CONSOLE: TableCell

[1A[2KBROWSER CONSOLE: TableCell

[1A[2KBROWSER CONSOLE: TableRow

[1A[2KBROWSER CONSOLE: TableCell

[1A[2KBROWSER CONSOLE: TableCell

[1A[2KBROWSER CONSOLE: TableCell

[1A[2KBROWSER CONSOLE: TableCell

[1A[2KBROWSER CONSOLE: TableCell

[1A[2KBROWSER CONSOLE: TableRow

[1A[2KBROWSER CONSOLE: TableCell

[1A[2KBROWSER CONSOLE: TableCell

[1A[2KBROWSER CONSOLE: TableCell

[1A[2KBROWSER CONSOLE: TableCell

[1A[2KBROWSER CONSOLE: TableCell

[1A[2KBROWSER CONSOLE: TableRow

[1A[2KBROWSER CONSOLE: TableCell

[1A[2KBROWSER CONSOLE: TableCell

[1A[2KBROWSER CONSOLE: TableCell

[1A[2KBROWSER CONSOLE: TableCell

[1A[2KBROWSER CONSOLE: TableCell

[1A[2KBROWSER CONSOLE: TableRow

[1A[2KBROWSER CONSOLE: TableCell

[1A[2KBROWSER CONSOLE: LinkComponent

[1A[2KBROWSER CONSOLE: TableCell

[1A[2KBROWSER CONSOLE: TableCell

[1A[2KBROWSER CONSOLE: TableCell

[1A[2KBROWSER CONSOLE: TableCell

[1A[2KBROWSER CONSOLE: TableRow

[1A[2KBROWSER CONSOLE: TableCell

[1A[2KBROWSER CONSOLE: TableCell

[1A[2KBROWSER CONSOLE: TableCell

[1A[2KBROWSER CONSOLE: TableCell

[1A[2KBROWSER CONSOLE: TableCell

[1A[2KBROWSER CONSOLE: TableRow

[1A[2KBROWSER CONSOLE: TableRow

[1A[2KBROWSER CONSOLE: TableCell

[1A[2KBROWSER CONSOLE: TableCell

[1A[2KBROWSER CONSOLE: TableCell

[1A[2KBROWSER CONSOLE: TableCell

[1A[2KBROWSER CONSOLE: TableCell

[1A[2KBROWSER CONSOLE: TableRow

[1A[2KBROWSER CONSOLE: TableCell

[1A[2KBROWSER CONSOLE: LinkComponent

[1A[2KBROWSER CONSOLE: TableCell

[1A[2KBROWSER CONSOLE: TableCell

[1A[2KBROWSER CONSOLE: TableCell

[1A[2KBROWSER CONSOLE: TableCell

[1A[2KBROWSER CONSOLE: TableRow

[1A[2KBROWSER CONSOLE: TableCell

[1A[2KBROWSER CONSOLE: TableCell

[1A[2KBROWSER CONSOLE: TableCell

[1A[2KBROWSER CONSOLE: TableCell

[1A[2KBROWSER CONSOLE: TableCell

[1A[2KBROWSER CONSOLE: TableRow

[1A[2KBROWSER CONSOLE: TableRow

[1A[2KBROWSER CONSOLE: TableRow

[1A[2KBROWSER CONSOLE: TableCell

[1A[2KBROWSER CONSOLE: LinkComponent

[1A[2KBROWSER CONSOLE: TableCell

[1A[2KBROWSER CONSOLE: TableCell

[1A[2KBROWSER CONSOLE: TableCell

[1A[2KBROWSER CONSOLE: TableCell

[1A[2KBROWSER CONSOLE: TableRow

[1A[2KBROWSER CONSOLE: TableCell

[1A[2KBROWSER CONSOLE: TableCell

[1A[2KBROWSER CONSOLE: TableCell

[1A[2KBROWSER CONSOLE: TableCell

[1A[2KBROWSER CONSOLE: TableCell

[1A[2KBROWSER CONSOLE: TableRow

[1A[2KBROWSER CONSOLE: TableRow

[1A[2KBROWSER CONSOLE: TableCell

[1A[2KBROWSER CONSOLE: TableCell

[1A[2KBROWSER CONSOLE: TableCell

[1A[2KBROWSER CONSOLE: TableCell

[1A[2KBROWSER CONSOLE: TableCell

[1A[2KBROWSER CONSOLE: TableRow

[1A[2KBROWSER CONSOLE: TableCell

[1A[2KBROWSER CONSOLE: TableCell

[1A[2KBROWSER CONSOLE: TableCell

[1A[2KBROWSER CONSOLE: TableCell

[1A[2KBROWSER CONSOLE: TableCell

[1A[2KBROWSER CONSOLE: TableRow

[1A[2KBROWSER CONSOLE: TableCell

[1A[2KBROWSER CONSOLE: TableCell

[1A[2KBROWSER CONSOLE: TableCell

[1A[2KBROWSER CONSOLE: TableCell

[1A[2KBROWSER CONSOLE: TableCell

[1A[2KBROWSER CONSOLE: TableRow

[1A[2KBROWSER CONSOLE: TableCell

[1A[2KBROWSER CONSOLE: TableCell

[1A[2KBROWSER CONSOLE: TableCell

[1A[2KBROWSER CONSOLE: TableCell

[1A[2KBROWSER CONSOLE: TableCell

[1A[2KBROWSER CONSOLE: TableRow

[1A[2KBROWSER CONSOLE: TableCell

[1A[2KBROWSER CONSOLE: TableCell

[1A[2KBROWSER CONSOLE: TableCell

[1A[2KBROWSER CONSOLE: TableCell

[1A[2KBROWSER CONSOLE: TableCell

[1A[2KBROWSER CONSOLE: TableRow

[1A[2KBROWSER CONSOLE: TableRow

[1A[2KBROWSER CONSOLE: TableCell

[1A[2KBROWSER CONSOLE: LinkComponent

[1A[2KBROWSER CONSOLE: TableCell

[1A[2KBROWSER CONSOLE: TableCell

[1A[2KBROWSER CONSOLE: TableCell

[1A[2KBROWSER CONSOLE: TableCell

[1A[2KBROWSER CONSOLE: TableRow

[1A[2KBROWSER CONSOLE: TableCell

[1A[2KBROWSER CONSOLE: TableCell

[1A[2KBROWSER CONSOLE: TableCell

[1A[2KBROWSER CONSOLE: TableCell

[1A[2KBROWSER CONSOLE: TableCell

[1A[2KBROWSER CONSOLE: TableRow

[1A[2KBROWSER CONSOLE: TableRow

[1A[2KBROWSER CONSOLE: TableCell

[1A[2KBROWSER CONSOLE: LinkComponent

[1A[2KBROWSER CONSOLE: TableCell

[1A[2KBROWSER CONSOLE: TableCell

[1A[2KBROWSER CONSOLE: TableCell

[1A[2KBROWSER CONSOLE: TableCell

[1A[2KBROWSER CONSOLE: TableRow

[1A[2KBROWSER CONSOLE: TableCell

[1A[2KBROWSER CONSOLE: TableCell

[1A[2KBROWSER CONSOLE: TableCell

[1A[2KBROWSER CONSOLE: TableCell

[1A[2KBROWSER CONSOLE: TableCell

[1A[2KBROWSER CONSOLE: TableRow

[1A[2KBROWSER CONSOLE: TableRow

[1A[2KBROWSER CONSOLE: TableCell

[1A[2KBROWSER CONSOLE: LinkComponent

[1A[2KBROWSER CONSOLE: TableCell

[1A[2KBROWSER CONSOLE: TableCell

[1A[2KBROWSER CONSOLE: TableCell

[1A[2KBROWSER CONSOLE: TableCell

[1A[2KBROWSER CONSOLE: TableRow

[1A[2KBROWSER CONSOLE: TableCell

[1A[2KBROWSER CONSOLE: TableCell

[1A[2KBROWSER CONSOLE: TableCell

[1A[2KBROWSER CONSOLE: TableCell

[1A[2KBROWSER CONSOLE: TableCell

[1A[2KBROWSER CONSOLE: TableRow

[1A[2KBROWSER CONSOLE: TableRow

[1A[2KBROWSER CONSOLE: TableCell

[1A[2KBROWSER CONSOLE: LinkComponent

[1A[2KBROWSER CONSOLE: TableCell

[1A[2KBROWSER CONSOLE: TableCell

[1A[2KBROWSER CONSOLE: TableCell

[1A[2KBROWSER CONSOLE: TableCell

[1A[2KBROWSER CONSOLE: TableRow

[1A[2KBROWSER CONSOLE: TableCell

[1A[2KBROWSER CONSOLE: TableCell

[1A[2KBROWSER CONSOLE: TableCell

[1A[2KBROWSER CONSOLE: TableCell

[1A[2KBROWSER CONSOLE: TableCell

[1A[2KBROWSER CONSOLE: TableRow

[1A[2KBROWSER CONSOLE: TableRow

[1A[2KBROWSER CONSOLE: TableCell

[1A[2KBROWSER CONSOLE: TableCell

[1A[2KBROWSER CONSOLE: TableCell

[1A[2KBROWSER CONSOLE: TableCell

[1A[2KBROWSER CONSOLE: TableCell

[1A[2KBROWSER CONSOLE: TableRow

[1A[2KBROWSER CONSOLE: TableCell

[1A[2KBROWSER CONSOLE: TableCell

[1A[2KBROWSER CONSOLE: TableCell

[1A[2KBROWSER CONSOLE: TableCell

[1A[2KBROWSER CONSOLE: TableCell

[1A[2KBROWSER CONSOLE: TableRow

[1A[2KBROWSER CONSOLE: TableCell

[1A[2KBROWSER CONSOLE: TableCell

[1A[2KBROWSER CONSOLE: TableCell

[1A[2KBROWSER CONSOLE: TableCell

[1A[2KBROWSER CONSOLE: TableCell

[1A[2KBROWSER CONSOLE: TableRow

[1A[2KBROWSER CONSOLE: TableRow

[1A[2KBROWSER CONSOLE: TableRow

[1A[2KBROWSER CONSOLE: TableRow

[1A[2KBROWSER CONSOLE: TableCell

[1A[2KBROWSER CONSOLE: LinkComponent

[1A[2KBROWSER CONSOLE: TableCell

[1A[2KBROWSER CONSOLE: TableCell

[1A[2KBROWSER CONSOLE: TableCell

[1A[2KBROWSER CONSOLE: TableCell

[1A[2KBROWSER CONSOLE: TableRow

[1A[2KBROWSER CONSOLE: TableCell

[1A[2KBROWSER CONSOLE: LinkComponent

[1A[2KBROWSER CONSOLE: TableCell

[1A[2KBROWSER CONSOLE: TableCell

[1A[2KBROWSER CONSOLE: TableCell

[1A[2KBROWSER CONSOLE: TableCell

[1A[2KBROWSER CONSOLE: TableRow

[1A[2KBROWSER CONSOLE: TableCell

[1A[2KBROWSER CONSOLE: TableCell

[1A[2KBROWSER CONSOLE: TableCell

[1A[2KBROWSER CONSOLE: TableCell

[1A[2KBROWSER CONSOLE: TableCell

[1A[2KBROWSER CONSOLE: TableRow

[1A[2KBROWSER CONSOLE: TableCell

[1A[2KBROWSER CONSOLE: TableCell

[1A[2KBROWSER CONSOLE: TableCell

[1A[2KBROWSER CONSOLE: TableCell

[1A[2KBROWSER CONSOLE: TableCell

[1A[2KBROWSER CONSOLE: TableRow

[1A[2KBROWSER CONSOLE: TableCell

[1A[2KBROWSER CONSOLE: TableCell

[1A[2KBROWSER CONSOLE: TableCell

[1A[2KBROWSER CONSOLE: TableCell

[1A[2KBROWSER CONSOLE: TableCell

[1A[2KBROWSER CONSOLE: TableRow

[1A[2KBROWSER CONSOLE: TableRow

[1A[2KBROWSER CONSOLE: TableCell

[1A[2KBROWSER CONSOLE: LinkComponent

[1A[2KBROWSER CONSOLE: TableCell

[1A[2KBROWSER CONSOLE: TableCell

[1A[2KBROWSER CONSOLE: TableCell

[1A[2KBROWSER CONSOLE: TableCell

[1A[2KBROWSER CONSOLE: TableRow

[1A[2KBROWSER CONSOLE: TableCell

[1A[2KBROWSER CONSOLE: LinkComponent

[1A[2KBROWSER CONSOLE: TableCell

[1A[2KBROWSER CONSOLE: TableCell

[1A[2KBROWSER CONSOLE: TableCell

[1A[2KBROWSER CONSOLE: TableCell

[1A[2KBROWSER CONSOLE: TableRow

[1A[2KBROWSER CONSOLE: TableCell

[1A[2KBROWSER CONSOLE: TableCell

[1A[2KBROWSER CONSOLE: TableCell

[1A[2KBROWSER CONSOLE: TableCell

[1A[2KBROWSER CONSOLE: TableCell

[1A[2KBROWSER CONSOLE: TableRow

[1A[2KBROWSER CONSOLE: TableRow

[1A[2KBROWSER CONSOLE: TableCell

[1A[2KBROWSER CONSOLE: LinkComponent

[1A[2KBROWSER CONSOLE: TableCell

[1A[2KBROWSER CONSOLE: TableCell

[1A[2KBROWSER CONSOLE: TableCell

[1A[2KBROWSER CONSOLE: TableCell

[1A[2KBROWSER CONSOLE: TableRow

[1A[2KBROWSER CONSOLE: TableCell

[1A[2KBROWSER CONSOLE: TableCell

[1A[2KBROWSER CONSOLE: TableCell

[1A[2KBROWSER CONSOLE: TableCell

[1A[2KBROWSER CONSOLE: TableCell

[1A[2KBROWSER CONSOLE: TableRow

[1A[2KBROWSER CONSOLE: TableRow

[1A[2KBROWSER CONSOLE: TableCell

[1A[2KBROWSER CONSOLE: LinkComponent

[1A[2KBROWSER CONSOLE: TableCell

[1A[2KBROWSER CONSOLE: TableCell

[1A[2KBROWSER CONSOLE: TableCell

[1A[2KBROWSER CONSOLE: TableCell

[1A[2KBROWSER CONSOLE: TableRow

[1A[2KBROWSER CONSOLE: TableCell

[1A[2KBROWSER CONSOLE: LinkComponent

[1A[2KBROWSER CONSOLE: TableCell

[1A[2KBROWSER CONSOLE: TableCell

[1A[2KBROWSER CONSOLE: TableCell

[1A[2KBROWSER CONSOLE: TableCell

[1A[2KBROWSER CONSOLE: TableRow

[1A[2KBROWSER CONSOLE: TableCell

[1A[2KBROWSER CONSOLE: LinkComponent

[1A[2KBROWSER CONSOLE: TableCell

[1A[2KBROWSER CONSOLE: TableCell

[1A[2KBROWSER CONSOLE: TableCell

[1A[2KBROWSER CONSOLE: TableCell

[1A[2KBROWSER CONSOLE: TableRow

[1A[2KBROWSER CONSOLE: TableCell

[1A[2KBROWSER CONSOLE: TableCell

[1A[2KBROWSER CONSOLE: TableCell

[1A[2KBROWSER CONSOLE: TableCell

[1A[2KBROWSER CONSOLE: TableCell

[1A[2KBROWSER CONSOLE: TableRow

[1A[2KBROWSER CONSOLE: TableRow

[1A[2KBROWSER CONSOLE: TableCell

[1A[2KBROWSER CONSOLE: LinkComponent

[1A[2KBROWSER CONSOLE: TableCell

[1A[2KBROWSER CONSOLE: TableCell

[1A[2KBROWSER CONSOLE: TableCell

[1A[2KBROWSER CONSOLE: TableCell

[1A[2KBROWSER CONSOLE: TableRow

[1A[2KBROWSER CONSOLE: TableCell

[1A[2KBROWSER CONSOLE: TableCell

[1A[2KBROWSER CONSOLE: TableCell

[1A[2KBROWSER CONSOLE: TableCell

[1A[2KBROWSER CONSOLE: TableCell

[1A[2KBROWSER CONSOLE: TableRow

[1A[2KBROWSER CONSOLE: TableCell

[1A[2KBROWSER CONSOLE: TableCell

[1A[2KBROWSER CONSOLE: TableCell

[1A[2KBROWSER CONSOLE: TableCell

[1A[2KBROWSER CONSOLE: TableCell

[1A[2KBROWSER CONSOLE: TableRow

[1A[2KBROWSER CONSOLE: TableCell

[1A[2KBROWSER CONSOLE: TableCell

[1A[2KBROWSER CONSOLE: TableCell

[1A[2KBROWSER CONSOLE: TableCell

[1A[2KBROWSER CONSOLE: TableCell

[1A[2KBROWSER CONSOLE: TableRow

[1A[2KBROWSER CONSOLE: TableCell

[1A[2KBROWSER CONSOLE: TableCell

[1A[2KBROWSER CONSOLE: TableCell

[1A[2KBROWSER CONSOLE: TableCell

[1A[2KBROWSER CONSOLE: TableCell

[1A[2KBROWSER CONSOLE: TableRow

[1A[2KBROWSER CONSOLE: TableCell

[1A[2KBROWSER CONSOLE: TableCell

[1A[2KBROWSER CONSOLE: TableCell

[1A[2KBROWSER CONSOLE: TableCell

[1A[2KBROWSER CONSOLE: TableCell

[1A[2KBROWSER CONSOLE: TableRow

[1A[2KBROWSER CONSOLE: TableRow

[1A[2KBROWSER CONSOLE: TableCell

[1A[2KBROWSER CONSOLE: LinkComponent

[1A[2KBROWSER CONSOLE: TableCell

[1A[2KBROWSER CONSOLE: TableCell

[1A[2KBROWSER CONSOLE: TableCell

[1A[2KBROWSER CONSOLE: TableCell

[1A[2KBROWSER CONSOLE: TableRow

[1A[2KBROWSER CONSOLE: TableRow

[1A[2KBROWSER CONSOLE: TableRow

[1A[2KBROWSER CONSOLE: TableCell

[1A[2KBROWSER CONSOLE: LinkComponent

[1A[2KBROWSER CONSOLE: TableCell

[1A[2KBROWSER CONSOLE: TableCell

[1A[2KBROWSER CONSOLE: TableCell

[1A[2KBROWSER CONSOLE: TableCell

[1A[2KBROWSER CONSOLE: TableRow

[1A[2KBROWSER CONSOLE: TableCell

[1A[2KBROWSER CONSOLE: TableCell

[1A[2KBROWSER CONSOLE: TableCell

[1A[2KBROWSER CONSOLE: TableCell

[1A[2KBROWSER CONSOLE: TableCell

[1A[2KBROWSER CONSOLE: TableRow

[1A[2KBROWSER CONSOLE: TableCell

[1A[2KBROWSER CONSOLE: TableCell

[1A[2KBROWSER CONSOLE: TableCell

[1A[2KBROWSER CONSOLE: TableCell

[1A[2KBROWSER CONSOLE: TableCell

[1A[2KBROWSER CONSOLE: TableRow

[1A[2KBROWSER CONSOLE: TableCell

[1A[2KBROWSER CONSOLE: LinkComponent

[1A[2KBROWSER CONSOLE: TableCell

[1A[2KBROWSER CONSOLE: TableCell

[1A[2KBROWSER CONSOLE: TableCell

[1A[2KBROWSER CONSOLE: TableCell

[1A[2KBROWSER CONSOLE: TableRow

[1A[2KBROWSER CONSOLE: TableCell

[1A[2KBROWSER CONSOLE: TableCell

[1A[2KBROWSER CONSOLE: TableCell

[1A[2KBROWSER CONSOLE: TableCell

[1A[2KBROWSER CONSOLE: TableCell

[1A[2KBROWSER CONSOLE: TableRow

[1A[2KBROWSER CONSOLE: TableCell

[1A[2KBROWSER CONSOLE: LinkComponent

[1A[2KBROWSER CONSOLE: TableCell

[1A[2KBROWSER CONSOLE: TableCell

[1A[2KBROWSER CONSOLE: TableCell

[1A[2KBROWSER CONSOLE: TableCell

[1A[2KBROWSER CONSOLE: TableRow

[1A[2KBROWSER CONSOLE: TableCell

[1A[2KBROWSER CONSOLE: LinkComponent

[1A[2KBROWSER CONSOLE: TableCell

[1A[2KBROWSER CONSOLE: TableCell

[1A[2KBROWSER CONSOLE: TableCell

[1A[2KBROWSER CONSOLE: TableCell

[1A[2KBROWSER CONSOLE: TableRow

[1A[2KBROWSER CONSOLE: TableCell

[1A[2KBROWSER CONSOLE: TableCell

[1A[2KBROWSER CONSOLE: TableCell

[1A[2KBROWSER CONSOLE: TableCell

[1A[2KBROWSER CONSOLE: TableCell

[1A[2KBROWSER CONSOLE: TableRow

[1A[2KBROWSER CONSOLE: TableCell

[1A[2KBROWSER CONSOLE: LinkComponent

[1A[2KBROWSER CONSOLE: TableCell

[1A[2KBROWSER CONSOLE: TableCell

[1A[2KBROWSER CONSOLE: TableCell

[1A[2KBROWSER CONSOLE: TableCell

[1A[2KBROWSER CONSOLE: TableRow

[1A[2KBROWSER CONSOLE: TableRow

[1A[2KBROWSER CONSOLE: TableCell

[1A[2KBROWSER CONSOLE: LinkComponent

[1A[2KBROWSER CONSOLE: TableCell

[1A[2KBROWSER CONSOLE: TableCell

[1A[2KBROWSER CONSOLE: TableCell

[1A[2KBROWSER CONSOLE: TableCell

[1A[2KBROWSER CONSOLE: TableRow

[1A[2KBROWSER CONSOLE: TableCell

[1A[2KBROWSER CONSOLE: LinkComponent

[1A[2KBROWSER CONSOLE: TableCell

[1A[2KBROWSER CONSOLE: TableCell

[1A[2KBROWSER CONSOLE: TableCell

[1A[2KBROWSER CONSOLE: TableCell

[1A[2KBROWSER CONSOLE: TableRow

[1A[2KBROWSER CONSOLE: TableCell

[1A[2KBROWSER CONSOLE: TableCell

[1A[2KBROWSER CONSOLE: TableCell

[1A[2KBROWSER CONSOLE: TableCell

[1A[2KBROWSER CONSOLE: TableCell

[1A[2KBROWSER CONSOLE: TableRow

[1A[2KBROWSER CONSOLE: TableCell

[1A[2KBROWSER CONSOLE: TableCell

[1A[2KBROWSER CONSOLE: TableCell

[1A[2KBROWSER CONSOLE: TableCell

[1A[2KBROWSER CONSOLE: TableCell

[1A[2KBROWSER CONSOLE: TableRow

[1A[2KBROWSER CONSOLE: TableCell

[1A[2KBROWSER CONSOLE: LinkComponent

[1A[2KBROWSER CONSOLE: TableCell

[1A[2KBROWSER CONSOLE: TableCell

[1A[2KBROWSER CONSOLE: TableCell

[1A[2KBROWSER CONSOLE: TableCell

[1A[2KBROWSER CONSOLE: TableRow

[1A[2KBROWSER CONSOLE: TableCell

[1A[2KBROWSER CONSOLE: LinkComponent

[1A[2KBROWSER CONSOLE: TableCell

[1A[2KBROWSER CONSOLE: TableCell

[1A[2KBROWSER CONSOLE: TableCell

[1A[2KBROWSER CONSOLE: TableCell

[1A[2KBROWSER CONSOLE: TableRow

[1A[2KBROWSER CONSOLE: TableCell

[1A[2KBROWSER CONSOLE: LinkComponent

[1A[2KBROWSER CONSOLE: TableCell

[1A[2KBROWSER CONSOLE: TableCell

[1A[2KBROWSER CONSOLE: TableCell

[1A[2KBROWSER CONSOLE: TableCell

[1A[2KBROWSER CONSOLE: TableRow

[1A[2KBROWSER CONSOLE: TableCell

[1A[2KBROWSER CONSOLE: TableCell

[1A[2KBROWSER CONSOLE: TableCell

[1A[2KBROWSER CONSOLE: TableCell

[1A[2KBROWSER CONSOLE: TableCell

[1A[2KBROWSER CONSOLE: TableRow

[1A[2KBROWSER CONSOLE: TableCell

[1A[2KBROWSER CONSOLE: TableCell

[1A[2KBROWSER CONSOLE: TableCell

[1A[2KBROWSER CONSOLE: TableCell

[1A[2KBROWSER CONSOLE: TableCell

[1A[2KBROWSER CONSOLE: TableRow

[1A[2KBROWSER CONSOLE: TableRow

[1A[2KBROWSER CONSOLE: TableCell

[1A[2KBROWSER CONSOLE: LinkComponent

[1A[2KBROWSER CONSOLE: TableCell

[1A[2KBROWSER CONSOLE: TableCell

[1A[2KBROWSER CONSOLE: TableCell

[1A[2KBROWSER CONSOLE: TableCell

[1A[2KBROWSER CONSOLE: TableRow

[1A[2KBROWSER CONSOLE: TableCell

[1A[2KBROWSER CONSOLE: LinkComponent

[1A[2KBROWSER CONSOLE: TableCell

[1A[2KBROWSER CONSOLE: TableCell

[1A[2KBROWSER CONSOLE: TableCell

[1A[2KBROWSER CONSOLE: TableCell

[1A[2KBROWSER CONSOLE: TableRow

[1A[2KBROWSER CONSOLE: TableCell

[1A[2KBROWSER CONSOLE: LinkComponent

[1A[2KBROWSER CONSOLE: TableCell

[1A[2KBROWSER CONSOLE: TableCell

[1A[2KBROWSER CONSOLE: TableCell

[1A[2KBROWSER CONSOLE: TableCell

[1A[2KBROWSER CONSOLE: TableRow

[1A[2KBROWSER CONSOLE: TableCell

[1A[2KBROWSER CONSOLE: TableCell

[1A[2KBROWSER CONSOLE: TableCell

[1A[2KBROWSER CONSOLE: TableCell

[1A[2KBROWSER CONSOLE: TableCell

[1A[2KBROWSER CONSOLE: TableRow

[1A[2KBROWSER CONSOLE: TableCell

[1A[2KBROWSER CONSOLE: LinkComponent

[1A[2KBROWSER CONSOLE: TableCell

[1A[2KBROWSER CONSOLE: TableCell

[1A[2KBROWSER CONSOLE: TableCell

[1A[2KBROWSER CONSOLE: TableCell

[1A[2KBROWSER CONSOLE: TableRow

[1A[2KBROWSER CONSOLE: TableCell

[1A[2KBROWSER CONSOLE: LinkComponent

[1A[2KBROWSER CONSOLE: TableCell

[1A[2KBROWSER CONSOLE: TableCell

[1A[2KBROWSER CONSOLE: TableCell

[1A[2KBROWSER CONSOLE: TableCell

[1A[2KBROWSER CONSOLE: TableRow

[1A[2KBROWSER CONSOLE: TableCell

[1A[2KBROWSER CONSOLE: TableCell

[1A[2KBROWSER CONSOLE: TableCell

[1A[2KBROWSER CONSOLE: TableCell

[1A[2KBROWSER CONSOLE: TableCell

[1A[2KBROWSER CONSOLE: TableRow

[1A[2KBROWSER CONSOLE: TableCell

[1A[2KBROWSER CONSOLE: TableCell

[1A[2KBROWSER CONSOLE: TableCell

[1A[2KBROWSER CONSOLE: TableCell

[1A[2KBROWSER CONSOLE: TableCell

[1A[2KBROWSER CONSOLE: StudentsPage

[1A[2KBROWSER CONSOLE: a

[1A[2KBROWSER CONSOLE: a

[1A[2KBROWSER CONSOLE: a

[1A[2KBROWSER CONSOLE: a

[1A[2KBROWSER CONSOLE: a

[1A[2KBROWSER CONSOLE: a

[1A[2KBROWSER CONSOLE: TableCell

[1A[2KBROWSER CONSOLE: a

[1A[2KBROWSER CONSOLE: a

[1A[2KBROWSER CONSOLE: a

[1A[2KBROWSER CONSOLE: a

[1A[2KBROWSER CONSOLE: a

[1A[2KBROWSER CONSOLE: a

[1A[2KBROWSER CONSOLE: TableCell

[1A[2KBROWSER CONSOLE: a

[1A[2KBROWSER CONSOLE: a

[1A[2KBROWSER CONSOLE: a

[1A[2KBROWSER CONSOLE: a

[1A[2KBROWSER CONSOLE: TableCell

[1A[2KBROWSER CONSOLE: a

[1A[2KBROWSER CONSOLE: a

[1A[2KBROWSER CONSOLE: a

[1A[2KBROWSER CONSOLE: a

[1A[2KBROWSER CONSOLE: a

[1A[2KBROWSER CONSOLE: a

[1A[2KBROWSER CONSOLE: a

[1A[2KBROWSER CONSOLE: a

[1A[2KBROWSER CONSOLE: a

[1A[2KBROWSER CONSOLE: a

[1A[2KBROWSER CONSOLE: TableCell

[1A[2KBROWSER CONSOLE: a

[1A[2KBROWSER CONSOLE: a

[1A[2KBROWSER CONSOLE: a

[1A[2KBROWSER CONSOLE: a

[1A[2KBROWSER CONSOLE: Remaining Effects

[1A[2K[webkit] ΓÇ║ tests\students.spec.ts:28:9 ΓÇ║ Module 2: Student Management (P0 Flows) ΓÇ║ 2. Add a new student via the AddStudentDialog form
BROWSER CONSOLE: Failed to load resource: the server responded with a status of 400 ()

[1A[2KBROWSER CONSOLE: Error adding student: {code: 22P02, details: null, hint: null, message: invalid input syntax for type uuid: ""}

[1A[2K[firefox] ΓÇ║ tests\students.spec.ts:28:9 ΓÇ║ Module 2: Student Management (P0 Flows) ΓÇ║ 2. Add a new student via the AddStudentDialog form
BROWSER CONSOLE: Blocking Track

[1A[2KBROWSER CONSOLE: Transition Track

[1A[2KBROWSER CONSOLE: Suspense Track

[1A[2KBROWSER CONSOLE: Idle Track

[1A[2KBROWSER CONSOLE: Event: click

[1A[2KBROWSER CONSOLE: Render

[1A[2KBROWSER CONSOLE: Presence

[1A[2KBROWSER CONSOLE: Commit

[1A[2KBROWSER CONSOLE: StudentsPage

[1A[2KBROWSER CONSOLE: Plus

[1A[2KBROWSER CONSOLE: ForwardRef

[1A[2KBROWSER CONSOLE: Search

[1A[2KBROWSER CONSOLE: ForwardRef

[1A[2KBROWSER CONSOLE: TableHead

[1A[2KBROWSER CONSOLE: TableHead

[1A[2KBROWSER CONSOLE: TableHead

[1A[2KBROWSER CONSOLE: TableHead

[1A[2KBROWSER CONSOLE: TableHead

[1A[2KBROWSER CONSOLE: LinkComponent

[1A[2KBROWSER CONSOLE: TableCell

[1A[2KBROWSER CONSOLE: TableCell

[1A[2KBROWSER CONSOLE: LinkComponent

[1A[2KBROWSER CONSOLE: TableCell

[1A[2KBROWSER CONSOLE: TableCell

[1A[2KBROWSER CONSOLE: LinkComponent

[1A[2KBROWSER CONSOLE: TableCell

[1A[2KBROWSER CONSOLE: TableCell

[1A[2KBROWSER CONSOLE: TableCell

[1A[2KBROWSER CONSOLE: TableCell

[1A[2KBROWSER CONSOLE: TableCell

[1A[2KBROWSER CONSOLE: TableCell

[1A[2KBROWSER CONSOLE: LinkComponent

[1A[2KBROWSER CONSOLE: TableCell

[1A[2KBROWSER CONSOLE: TableCell

[1A[2KBROWSER CONSOLE: TableCell

[1A[2KBROWSER CONSOLE: TableCell

[1A[2KBROWSER CONSOLE: TableCell

[1A[2KBROWSER CONSOLE: TableCell

[1A[2KBROWSER CONSOLE: TableCell

[1A[2KBROWSER CONSOLE: TableCell

[1A[2KBROWSER CONSOLE: TableCell

[1A[2KBROWSER CONSOLE: TableCell

[1A[2KBROWSER CONSOLE: TableCell

[1A[2KBROWSER CONSOLE: TableCell

[1A[2KBROWSER CONSOLE: TableCell

[1A[2KBROWSER CONSOLE: TableCell

[1A[2KBROWSER CONSOLE: TableCell

[1A[2KBROWSER CONSOLE: TableCell

[1A[2KBROWSER CONSOLE: LinkComponent

[1A[2KBROWSER CONSOLE: TableCell

[1A[2KBROWSER CONSOLE: TableCell

[1A[2KBROWSER CONSOLE: LinkComponent

[1A[2KBROWSER CONSOLE: TableCell

[1A[2KBROWSER CONSOLE: TableCell

[1A[2KBROWSER CONSOLE: TableCell

[1A[2KBROWSER CONSOLE: TableCell

[1A[2KBROWSER CONSOLE: TableCell

[1A[2KBROWSER CONSOLE: TableCell

[1A[2KBROWSER CONSOLE: TableCell

[1A[2KBROWSER CONSOLE: TableCell

[1A[2KBROWSER CONSOLE: TableCell

[1A[2KBROWSER CONSOLE: TableCell

[1A[2KBROWSER CONSOLE: TableCell

[1A[2KBROWSER CONSOLE: TableCell

[1A[2KBROWSER CONSOLE: TableCell

[1A[2KBROWSER CONSOLE: TableCell

[1A[2KBROWSER CONSOLE: TableCell

[1A[2KBROWSER CONSOLE: TableCell

[1A[2KBROWSER CONSOLE: TableCell

[1A[2KBROWSER CONSOLE: TableCell

[1A[2KBROWSER CONSOLE: TableCell

[1A[2KBROWSER CONSOLE: TableCell

[1A[2KBROWSER CONSOLE: TableCell

[1A[2KBROWSER CONSOLE: TableCell

[1A[2KBROWSER CONSOLE: LinkComponent

[1A[2KBROWSER CONSOLE: TableCell

[1A[2KBROWSER CONSOLE: TableCell

[1A[2KBROWSER CONSOLE: LinkComponent

[1A[2KBROWSER CONSOLE: TableCell

[1A[2KBROWSER CONSOLE: TableCell

[1A[2KBROWSER CONSOLE: TableCell

[1A[2KBROWSER CONSOLE: TableCell

[1A[2KBROWSER CONSOLE: LinkComponent

[1A[2KBROWSER CONSOLE: TableCell

[1A[2KBROWSER CONSOLE: TableCell

[1A[2KBROWSER CONSOLE: TableCell

[1A[2KBROWSER CONSOLE: TableCell

[1A[2KBROWSER CONSOLE: TableCell

[1A[2KBROWSER CONSOLE: TableCell

[1A[2KBROWSER CONSOLE: LinkComponent

[1A[2KBROWSER CONSOLE: TableCell

[1A[2KBROWSER CONSOLE: TableCell

[1A[2KBROWSER CONSOLE: TableCell

[1A[2KBROWSER CONSOLE: TableCell

[1A[2KBROWSER CONSOLE: LinkComponent

[1A[2KBROWSER CONSOLE: TableCell

[1A[2KBROWSER CONSOLE: TableCell

[1A[2KBROWSER CONSOLE: LinkComponent

[1A[2KBROWSER CONSOLE: TableCell

[1A[2KBROWSER CONSOLE: TableCell

[1A[2KBROWSER CONSOLE: LinkComponent

[1A[2KBROWSER CONSOLE: TableCell

[1A[2KBROWSER CONSOLE: TableCell

[1A[2KBROWSER CONSOLE: TableCell

[1A[2KBROWSER CONSOLE: TableCell

[1A[2KBROWSER CONSOLE: TableCell

[1A[2KBROWSER CONSOLE: TableCell

[1A[2KBROWSER CONSOLE: LinkComponent

[1A[2KBROWSER CONSOLE: TableCell

[1A[2KBROWSER CONSOLE: TableCell

[1A[2KBROWSER CONSOLE: TableCell

[1A[2KBROWSER CONSOLE: TableCell

[1A[2KBROWSER CONSOLE: TableCell

[1A[2KBROWSER CONSOLE: TableCell

[1A[2KBROWSER CONSOLE: LinkComponent

[1A[2KBROWSER CONSOLE: TableCell

[1A[2KBROWSER CONSOLE: TableCell

[1A[2KBROWSER CONSOLE: TableCell

[1A[2KBROWSER CONSOLE: TableCell

[1A[2KBROWSER CONSOLE: LinkComponent

[1A[2KBROWSER CONSOLE: TableCell

[1A[2KBROWSER CONSOLE: TableCell

[1A[2KBROWSER CONSOLE: TableCell

[1A[2KBROWSER CONSOLE: TableCell

[1A[2KBROWSER CONSOLE: TableCell

[1A[2KBROWSER CONSOLE: TableCell

[1A[2KBROWSER CONSOLE: TableCell

[1A[2KBROWSER CONSOLE: TableCell

[1A[2KBROWSER CONSOLE: LinkComponent

[1A[2KBROWSER CONSOLE: TableCell

[1A[2KBROWSER CONSOLE: TableCell

[1A[2KBROWSER CONSOLE: TableCell

[1A[2KBROWSER CONSOLE: TableCell

[1A[2KBROWSER CONSOLE: LinkComponent

[1A[2KBROWSER CONSOLE: TableCell

[1A[2KBROWSER CONSOLE: TableCell

[1A[2KBROWSER CONSOLE: TableCell

[1A[2KBROWSER CONSOLE: TableCell

[1A[2KBROWSER CONSOLE: LinkComponent

[1A[2KBROWSER CONSOLE: TableCell

[1A[2KBROWSER CONSOLE: TableCell

[1A[2KBROWSER CONSOLE: TableCell

[1A[2KBROWSER CONSOLE: TableCell

[1A[2KBROWSER CONSOLE: TableCell

[1A[2KBROWSER CONSOLE: TableCell

[1A[2KBROWSER CONSOLE: TableCell

[1A[2KBROWSER CONSOLE: TableCell

[1A[2KBROWSER CONSOLE: TableCell

[1A[2KBROWSER CONSOLE: TableCell

[1A[2KBROWSER CONSOLE: TableCell

[1A[2KBROWSER CONSOLE: TableCell

[1A[2KBROWSER CONSOLE: LinkComponent

[1A[2KBROWSER CONSOLE: TableCell

[1A[2KBROWSER CONSOLE: TableCell

[1A[2KBROWSER CONSOLE: TableCell

[1A[2KBROWSER CONSOLE: TableCell

[1A[2KBROWSER CONSOLE: LinkComponent

[1A[2KBROWSER CONSOLE: TableCell

[1A[2KBROWSER CONSOLE: TableCell

[1A[2KBROWSER CONSOLE: TableCell

[1A[2KBROWSER CONSOLE: TableCell

[1A[2KBROWSER CONSOLE: TableCell

[1A[2KBROWSER CONSOLE: TableCell

[1A[2KBROWSER CONSOLE: LinkComponent

[1A[2KBROWSER CONSOLE: TableCell

[1A[2KBROWSER CONSOLE: TableCell

[1A[2KBROWSER CONSOLE: TableCell

[1A[2KBROWSER CONSOLE: TableCell

[1A[2KBROWSER CONSOLE: LinkComponent

[1A[2KBROWSER CONSOLE: TableCell

[1A[2KBROWSER CONSOLE: TableCell

[1A[2KBROWSER CONSOLE: LinkComponent

[1A[2KBROWSER CONSOLE: TableCell

[1A[2KBROWSER CONSOLE: TableCell

[1A[2KBROWSER CONSOLE: TableCell

[1A[2KBROWSER CONSOLE: TableCell

[1A[2KBROWSER CONSOLE: TableCell

[1A[2KBROWSER CONSOLE: TableCell

[1A[2KBROWSER CONSOLE: LinkComponent

[1A[2KBROWSER CONSOLE: TableCell

[1A[2KBROWSER CONSOLE: TableCell

[1A[2KBROWSER CONSOLE: TableCell

[1A[2KBROWSER CONSOLE: TableCell

[1A[2KBROWSER CONSOLE: LinkComponent

[1A[2KBROWSER CONSOLE: TableCell

[1A[2KBROWSER CONSOLE: TableCell

[1A[2KBROWSER CONSOLE: TableCell

[1A[2KBROWSER CONSOLE: TableCell

[1A[2KBROWSER CONSOLE: LinkComponent

[1A[2KBROWSER CONSOLE: TableCell

[1A[2KBROWSER CONSOLE: TableCell

[1A[2KBROWSER CONSOLE: TableCell

[1A[2KBROWSER CONSOLE: TableCell

[1A[2KBROWSER CONSOLE: LinkComponent

[1A[2KBROWSER CONSOLE: TableCell

[1A[2KBROWSER CONSOLE: TableCell

[1A[2KBROWSER CONSOLE: TableCell

[1A[2KBROWSER CONSOLE: TableCell

[1A[2KBROWSER CONSOLE: LinkComponent

[1A[2KBROWSER CONSOLE: TableCell

[1A[2KBROWSER CONSOLE: TableCell

[1A[2KBROWSER CONSOLE: TableCell

[1A[2KBROWSER CONSOLE: TableCell

[1A[2KBROWSER CONSOLE: LinkComponent

[1A[2KBROWSER CONSOLE: TableCell

[1A[2KBROWSER CONSOLE: TableCell

[1A[2KBROWSER CONSOLE: TableCell

[1A[2KBROWSER CONSOLE: TableCell

[1A[2KBROWSER CONSOLE: LinkComponent

[1A[2KBROWSER CONSOLE: TableCell

[1A[2KBROWSER CONSOLE: TableCell

[1A[2KBROWSER CONSOLE: LinkComponent

[1A[2KBROWSER CONSOLE: TableCell

[1A[2KBROWSER CONSOLE: TableCell

[1A[2KBROWSER CONSOLE: LinkComponent

[1A[2KBROWSER CONSOLE: TableCell

[1A[2KBROWSER CONSOLE: TableCell

[1A[2KBROWSER CONSOLE: TableCell

[1A[2KBROWSER CONSOLE: TableCell

[1A[2KBROWSER CONSOLE: TableCell

[1A[2KBROWSER CONSOLE: TableCell

[1A[2KBROWSER CONSOLE: LinkComponent

[1A[2KBROWSER CONSOLE: TableCell

[1A[2KBROWSER CONSOLE: TableCell

[1A[2KBROWSER CONSOLE: TableCell

[1A[2KBROWSER CONSOLE: TableCell

[1A[2KBROWSER CONSOLE: TableCell

[1A[2KBROWSER CONSOLE: TableCell

[1A[2KBROWSER CONSOLE: TableCell

[1A[2KBROWSER CONSOLE: TableCell

[1A[2KBROWSER CONSOLE: LinkComponent

[1A[2KBROWSER CONSOLE: TableCell

[1A[2KBROWSER CONSOLE: TableCell

[1A[2KBROWSER CONSOLE: TableCell

[1A[2KBROWSER CONSOLE: TableCell

[1A[2KBROWSER CONSOLE: Remaining Effects

[1A[2KBROWSER CONSOLE: Blocking Track

[1A[2KBROWSER CONSOLE: Transition Track

[1A[2KBROWSER CONSOLE: Suspense Track

[1A[2KBROWSER CONSOLE: Idle Track

[1A[2KBROWSER CONSOLE: Render

[1A[2KBROWSER CONSOLE: Portal

[1A[2KBROWSER CONSOLE: Commit

[1A[2KBROWSER CONSOLE: Presence

[1A[2KBROWSER CONSOLE: Portal

[1A[2KBROWSER CONSOLE: Presence

[1A[2KBROWSER CONSOLE: Remaining Effects

[1A[2KBROWSER CONSOLE: Blocking Track

[1A[2KBROWSER CONSOLE: Transition Track

[1A[2KBROWSER CONSOLE: Suspense Track

[1A[2KBROWSER CONSOLE: Idle Track

[1A[2KBROWSER CONSOLE: Render

[1A[2KBROWSER CONSOLE: div

[1A[2KBROWSER CONSOLE: Portal

[1A[2KBROWSER CONSOLE: Commit

[1A[2KBROWSER CONSOLE: Waiting

[1A[2KBROWSER CONSOLE: Portal

[1A[2KBROWSER CONSOLE: Primitive.div

[1A[2KBROWSER CONSOLE: Primitive.div.Slot

[1A[2KBROWSER CONSOLE: Primitive.div.SlotClone

[1A[2KBROWSER CONSOLE: DialogOverlay

[1A[2KBROWSER CONSOLE: DialogOverlay

[1A[2KBROWSER CONSOLE: Presence

[1A[2KBROWSER CONSOLE: ForwardRef

[1A[2KBROWSER CONSOLE: ForwardRef

[1A[2KBROWSER CONSOLE: ForwardRef

[1A[2KBROWSER CONSOLE: SideCar

[1A[2KBROWSER CONSOLE: RemoveScrollSideCar

[1A[2KBROWSER CONSOLE: RemoveScrollBar

[1A[2KBROWSER CONSOLE: Sheet

[1A[2KBROWSER CONSOLE: RemoveScrollSideCar

[1A[2KBROWSER CONSOLE: DialogOverlay.RemoveScroll.Slot

[1A[2KBROWSER CONSOLE: DialogOverlay.RemoveScroll.SlotClone

[1A[2KBROWSER CONSOLE: Primitive.div

[1A[2KBROWSER CONSOLE: Presence

[1A[2KBROWSER CONSOLE: Portal

[1A[2KBROWSER CONSOLE: Primitive.div

[1A[2KBROWSER CONSOLE: Primitive.div.Slot

[1A[2KBROWSER CONSOLE: Primitive.div.SlotClone

[1A[2KBROWSER CONSOLE: DialogContent

[1A[2KBROWSER CONSOLE: Presence

[1A[2KBROWSER CONSOLE: ForwardRef

[1A[2KBROWSER CONSOLE: ForwardRef

[1A[2KBROWSER CONSOLE: FocusScope

[1A[2KBROWSER CONSOLE: Primitive.div

[1A[2KBROWSER CONSOLE: Primitive.div.Slot

[1A[2KBROWSER CONSOLE: Primitive.div.SlotClone

[1A[2KBROWSER CONSOLE: DismissableLayer

[1A[2KBROWSER CONSOLE: Primitive.div

[1A[2KBROWSER CONSOLE: DialogHeader

[1A[2KBROWSER CONSOLE: DialogTitle

[1A[2KBROWSER CONSOLE: DialogDescription

[1A[2KBROWSER CONSOLE: DialogDescription

[1A[2KBROWSER CONSOLE: Primitive.p

[1A[2KBROWSER CONSOLE: Label

[1A[2KBROWSER CONSOLE: Input

[1A[2KBROWSER CONSOLE: Label

[1A[2KBROWSER CONSOLE: Select

[1A[2KBROWSER CONSOLE: Select

[1A[2KBROWSER CONSOLE: Popper

[1A[2KBROWSER CONSOLE: PopperProvider

[1A[2KBROWSER CONSOLE: SelectProvider

[1A[2KBROWSER CONSOLE: SelectCollectionProvider

[1A[2KBROWSER CONSOLE: SelectCollectionProviderProvider

[1A[2KBROWSER CONSOLE: SelectProvider

[1A[2KBROWSER CONSOLE: SelectTrigger

[1A[2KBROWSER CONSOLE: SelectTrigger

[1A[2KBROWSER CONSOLE: PopperAnchor

[1A[2KBROWSER CONSOLE: Primitive.div

[1A[2KBROWSER CONSOLE: Primitive.div.Slot

[1A[2KBROWSER CONSOLE: Primitive.div.SlotClone

[1A[2KBROWSER CONSOLE: Primitive.button

[1A[2KBROWSER CONSOLE: SelectValue

[1A[2KBROWSER CONSOLE: SelectIcon

[1A[2KBROWSER CONSOLE: Primitive.span

[1A[2KBROWSER CONSOLE: SelectContent

[1A[2KBROWSER CONSOLE: SelectBubbleInput

[1A[2KBROWSER CONSOLE: Primitive.select

[1A[2KBROWSER CONSOLE: Label

[1A[2KBROWSER CONSOLE: Input

[1A[2KBROWSER CONSOLE: Label

[1A[2KBROWSER CONSOLE: Select

[1A[2KBROWSER CONSOLE: Select

[1A[2KBROWSER CONSOLE: Popper

[1A[2KBROWSER CONSOLE: PopperProvider

[1A[2KBROWSER CONSOLE: SelectProvider

[1A[2KBROWSER CONSOLE: SelectCollectionProvider

[1A[2KBROWSER CONSOLE: SelectCollectionProviderProvider

[1A[2KBROWSER CONSOLE: SelectProvider

[1A[2KBROWSER CONSOLE: SelectTrigger

[1A[2KBROWSER CONSOLE: SelectTrigger

[1A[2KBROWSER CONSOLE: PopperAnchor

[1A[2KBROWSER CONSOLE: Primitive.div

[1A[2KBROWSER CONSOLE: Primitive.div.Slot

[1A[2KBROWSER CONSOLE: Primitive.div.SlotClone

[1A[2KBROWSER CONSOLE: Primitive.button

[1A[2KBROWSER CONSOLE: SelectContent

[1A[2KBROWSER CONSOLE: SelectPortal

[1A[2KBROWSER CONSOLE: SelectBubbleInput

[1A[2KBROWSER CONSOLE: Label

[1A[2KBROWSER CONSOLE: Label

[1A[2KBROWSER CONSOLE: Primitive.label

[1A[2KBROWSER CONSOLE: Select

[1A[2KBROWSER CONSOLE: Select

[1A[2KBROWSER CONSOLE: Popper

[1A[2KBROWSER CONSOLE: PopperProvider

[1A[2KBROWSER CONSOLE: SelectProvider

[1A[2KBROWSER CONSOLE: SelectCollectionProvider

[1A[2KBROWSER CONSOLE: SelectCollectionProviderProvider

[1A[2KBROWSER CONSOLE: SelectProvider

[1A[2KBROWSER CONSOLE: SelectTrigger

[1A[2KBROWSER CONSOLE: SelectTrigger

[1A[2KBROWSER CONSOLE: PopperAnchor

[1A[2KBROWSER CONSOLE: Primitive.div

[1A[2KBROWSER CONSOLE: Primitive.div.Slot

[1A[2KBROWSER CONSOLE: Primitive.div.SlotClone

[1A[2KBROWSER CONSOLE: Primitive.button

[1A[2KBROWSER CONSOLE: SelectValue

[1A[2KBROWSER CONSOLE: SelectValue

[1A[2KBROWSER CONSOLE: Primitive.span

[1A[2KBROWSER CONSOLE: SelectIcon

[1A[2KBROWSER CONSOLE: SelectContent

[1A[2KBROWSER CONSOLE: SelectPortal

[1A[2KBROWSER CONSOLE: SelectBubbleInput

[1A[2KBROWSER CONSOLE: Primitive.select

[1A[2KBROWSER CONSOLE: Label

[1A[2KBROWSER CONSOLE: Select

[1A[2KBROWSER CONSOLE: Select

[1A[2KBROWSER CONSOLE: Popper

[1A[2KBROWSER CONSOLE: PopperProvider

[1A[2KBROWSER CONSOLE: SelectProvider

[1A[2KBROWSER CONSOLE: SelectCollectionProvider

[1A[2KBROWSER CONSOLE: SelectCollectionProviderProvider

[1A[2KBROWSER CONSOLE: SelectProvider

[1A[2KBROWSER CONSOLE: SelectTrigger

[1A[2KBROWSER CONSOLE: SelectTrigger

[1A[2KBROWSER CONSOLE: PopperAnchor

[1A[2KBROWSER CONSOLE: Primitive.div

[1A[2KBROWSER CONSOLE: Primitive.div.Slot

[1A[2KBROWSER CONSOLE: Primitive.div.SlotClone

[1A[2KBROWSER CONSOLE: Primitive.button

[1A[2KBROWSER CONSOLE: SelectValue

[1A[2KBROWSER CONSOLE: SelectIcon

[1A[2KBROWSER CONSOLE: Primitive.span

[1A[2KBROWSER CONSOLE: Primitive.span.Slot

[1A[2KBROWSER CONSOLE: Primitive.span.SlotClone

[1A[2KBROWSER CONSOLE: SelectContent

[1A[2KBROWSER CONSOLE: SelectPortal

[1A[2KBROWSER CONSOLE: SelectBubbleInput

[1A[2KBROWSER CONSOLE: Label

[1A[2KBROWSER CONSOLE: Label

[1A[2KBROWSER CONSOLE: Input

[1A[2KBROWSER CONSOLE: Label

[1A[2KBROWSER CONSOLE: Label

[1A[2KBROWSER CONSOLE: Primitive.label

[1A[2KBROWSER CONSOLE: Input

[1A[2KBROWSER CONSOLE: Label

[1A[2KBROWSER CONSOLE: Label

[1A[2KBROWSER CONSOLE: Primitive.label

[1A[2KBROWSER CONSOLE: Input

[1A[2KBROWSER CONSOLE: Label

[1A[2KBROWSER CONSOLE: Label

[1A[2KBROWSER CONSOLE: Input

[1A[2KBROWSER CONSOLE: DialogFooter

[1A[2KBROWSER CONSOLE: Button

[1A[2KBROWSER CONSOLE: DialogClose

[1A[2KBROWSER CONSOLE: Primitive.button

[1A[2KBROWSER CONSOLE: X

[1A[2KBROWSER CONSOLE: ForwardRef

[1A[2KBROWSER CONSOLE: TitleWarning

[1A[2KBROWSER CONSOLE: DescriptionWarning

[1A[2KBROWSER CONSOLE: ForwardRef

[1A[2KBROWSER CONSOLE: Presence

[1A[2KBROWSER CONSOLE: Presence

[1A[2KBROWSER CONSOLE: select

[1A[2KBROWSER CONSOLE: Input

[1A[2KBROWSER CONSOLE: ForwardRef

[1A[2KBROWSER CONSOLE: Presence

[1A[2KBROWSER CONSOLE: Remaining Effects

[1A[2KBROWSER CONSOLE: Blocking Track

[1A[2KBROWSER CONSOLE: Transition Track

[1A[2KBROWSER CONSOLE: Suspense Track

[1A[2KBROWSER CONSOLE: Idle Track

[1A[2KBROWSER CONSOLE: Render

[1A[2KBROWSER CONSOLE: div

[1A[2KBROWSER CONSOLE: button

[1A[2KBROWSER CONSOLE: div

[1A[2KBROWSER CONSOLE: div

[1A[2KBROWSER CONSOLE: div

[1A[2KBROWSER CONSOLE: Commit

[1A[2KBROWSER CONSOLE: Presence

[1A[2KBROWSER CONSOLE: Portal

[1A[2KBROWSER CONSOLE: Primitive.div

[1A[2KBROWSER CONSOLE: Primitive.div.Slot

[1A[2KBROWSER CONSOLE: Primitive.div.SlotClone

[1A[2KBROWSER CONSOLE: RemoveScrollBar

[1A[2KBROWSER CONSOLE: Presence

[1A[2KBROWSER CONSOLE: Portal

[1A[2KBROWSER CONSOLE: Primitive.div

[1A[2KBROWSER CONSOLE: Primitive.div.Slot

[1A[2KBROWSER CONSOLE: Primitive.div.SlotClone

[1A[2KBROWSER CONSOLE: Select

[1A[2KBROWSER CONSOLE: SelectProvider

[1A[2KBROWSER CONSOLE: SelectTrigger

[1A[2KBROWSER CONSOLE: PopperAnchor

[1A[2KBROWSER CONSOLE: Portal

[1A[2KBROWSER CONSOLE: Select

[1A[2KBROWSER CONSOLE: SelectProvider

[1A[2KBROWSER CONSOLE: SelectTrigger

[1A[2KBROWSER CONSOLE: Select

[1A[2KBROWSER CONSOLE: SelectProvider

[1A[2KBROWSER CONSOLE: SelectTrigger

[1A[2KBROWSER CONSOLE: Select

[1A[2KBROWSER CONSOLE: SelectProvider

[1A[2KBROWSER CONSOLE: SelectTrigger

[1A[2KBROWSER CONSOLE: FocusScope

[1A[2KBROWSER CONSOLE: TitleWarning

[1A[2KBROWSER CONSOLE: DescriptionWarning

[1A[2KBROWSER CONSOLE: Remaining Effects

[1A[2KBROWSER CONSOLE: Blocking Track

[1A[2KBROWSER CONSOLE: Transition Track

[1A[2KBROWSER CONSOLE: Suspense Track

[1A[2KBROWSER CONSOLE: Idle Track

[1A[2KBROWSER CONSOLE: Render

[1A[2KBROWSER CONSOLE: div

[1A[2KBROWSER CONSOLE: Commit

[1A[2KBROWSER CONSOLE: DismissableLayer

[1A[2KBROWSER CONSOLE: SelectContent

[1A[2KBROWSER CONSOLE: SelectContentProvider

[1A[2KBROWSER CONSOLE: SelectCollectionSlot

[1A[2KBROWSER CONSOLE: SelectCollectionSlot.Slot

[1A[2KBROWSER CONSOLE: SelectCollectionSlot.SlotClone

[1A[2KBROWSER CONSOLE: SelectScrollUpButton

[1A[2KBROWSER CONSOLE: SelectViewport

[1A[2KBROWSER CONSOLE: SelectCollectionSlot

[1A[2KBROWSER CONSOLE: SelectCollectionSlot.Slot

[1A[2KBROWSER CONSOLE: SelectCollectionSlot.SlotClone

[1A[2KBROWSER CONSOLE: Primitive.div

[1A[2KBROWSER CONSOLE: SelectItem

[1A[2KBROWSER CONSOLE: SelectItem

[1A[2KBROWSER CONSOLE: SelectItemProvider

[1A[2KBROWSER CONSOLE: SelectCollectionItemSlot

[1A[2KBROWSER CONSOLE: SelectCollectionItemSlot.Slot

[1A[2KBROWSER CONSOLE: SelectCollectionItemSlot.SlotClone

[1A[2KBROWSER CONSOLE: Primitive.div

[1A[2KBROWSER CONSOLE: SelectItemIndicator

[1A[2KBROWSER CONSOLE: Primitive.span

[1A[2KBROWSER CONSOLE: Check

[1A[2KBROWSER CONSOLE: ForwardRef

[1A[2KBROWSER CONSOLE: SelectItemText

[1A[2KBROWSER CONSOLE: Primitive.span

[1A[2KBROWSER CONSOLE: SelectItem

[1A[2KBROWSER CONSOLE: SelectItem

[1A[2KBROWSER CONSOLE: SelectItemProvider

[1A[2KBROWSER CONSOLE: SelectCollectionItemSlot

[1A[2KBROWSER CONSOLE: SelectItem

[1A[2KBROWSER CONSOLE: SelectItem

[1A[2KBROWSER CONSOLE: SelectItemProvider

[1A[2KBROWSER CONSOLE: SelectCollectionItemSlot

[1A[2KBROWSER CONSOLE: SelectCollectionItemSlot.Slot

[1A[2KBROWSER CONSOLE: SelectCollectionItemSlot.SlotClone

[1A[2KBROWSER CONSOLE: Primitive.div

[1A[2KBROWSER CONSOLE: SelectItemText

[1A[2KBROWSER CONSOLE: Primitive.span

[1A[2KBROWSER CONSOLE: SelectScrollDownButton

[1A[2KBROWSER CONSOLE: SelectContent

[1A[2KBROWSER CONSOLE: SelectContentProvider

[1A[2KBROWSER CONSOLE: SelectCollectionSlot

[1A[2KBROWSER CONSOLE: SelectCollectionSlot.Slot

[1A[2KBROWSER CONSOLE: SelectCollectionSlot.SlotClone

[1A[2KBROWSER CONSOLE: SelectScrollUpButton

[1A[2KBROWSER CONSOLE: SelectScrollUpButton

[1A[2KBROWSER CONSOLE: SelectViewport

[1A[2KBROWSER CONSOLE: SelectCollectionSlot

[1A[2KBROWSER CONSOLE: SelectCollectionSlot.Slot

[1A[2KBROWSER CONSOLE: SelectCollectionSlot.SlotClone

[1A[2KBROWSER CONSOLE: Primitive.div

[1A[2KBROWSER CONSOLE: SelectItem

[1A[2KBROWSER CONSOLE: SelectItem

[1A[2KBROWSER CONSOLE: SelectItemProvider

[1A[2KBROWSER CONSOLE: SelectCollectionItemSlot

[1A[2KBROWSER CONSOLE: SelectItem

[1A[2KBROWSER CONSOLE: SelectItem

[1A[2KBROWSER CONSOLE: SelectItemProvider

[1A[2KBROWSER CONSOLE: SelectCollectionItemSlot

[1A[2KBROWSER CONSOLE: SelectCollectionItemSlot.Slot

[1A[2KBROWSER CONSOLE: SelectCollectionItemSlot.SlotClone

[1A[2KBROWSER CONSOLE: Primitive.div

[1A[2KBROWSER CONSOLE: SelectItemText

[1A[2KBROWSER CONSOLE: Primitive.span

[1A[2KBROWSER CONSOLE: SelectItem

[1A[2KBROWSER CONSOLE: SelectItem

[1A[2KBROWSER CONSOLE: SelectItemProvider

[1A[2KBROWSER CONSOLE: SelectCollectionItemSlot

[1A[2KBROWSER CONSOLE: SelectCollectionItemSlot.Slot

[1A[2KBROWSER CONSOLE: SelectCollectionItemSlot.SlotClone

[1A[2KBROWSER CONSOLE: Primitive.div

[1A[2KBROWSER CONSOLE: SelectItemIndicator

[1A[2KBROWSER CONSOLE: SelectItemText

[1A[2KBROWSER CONSOLE: SelectItem

[1A[2KBROWSER CONSOLE: SelectItem

[1A[2KBROWSER CONSOLE: SelectItemProvider

[1A[2KBROWSER CONSOLE: SelectCollectionItemSlot

[1A[2KBROWSER CONSOLE: SelectScrollDownButton

[1A[2KBROWSER CONSOLE: SelectContent

[1A[2KBROWSER CONSOLE: SelectContentProvider

[1A[2KBROWSER CONSOLE: SelectCollectionSlot

[1A[2KBROWSER CONSOLE: SelectCollectionSlot.Slot

[1A[2KBROWSER CONSOLE: SelectCollectionSlot.SlotClone

[1A[2KBROWSER CONSOLE: SelectScrollUpButton

[1A[2KBROWSER CONSOLE: SelectViewport

[1A[2KBROWSER CONSOLE: SelectCollectionSlot

[1A[2KBROWSER CONSOLE: SelectCollectionSlot.Slot

[1A[2KBROWSER CONSOLE: SelectCollectionSlot.SlotClone

[1A[2KBROWSER CONSOLE: Primitive.div

[1A[2KBROWSER CONSOLE: SelectItem

[1A[2KBROWSER CONSOLE: SelectItem

[1A[2KBROWSER CONSOLE: SelectItemProvider

[1A[2KBROWSER CONSOLE: SelectCollectionItemSlot

[1A[2KBROWSER CONSOLE: SelectCollectionItemSlot.Slot

[1A[2KBROWSER CONSOLE: SelectItem

[1A[2KBROWSER CONSOLE: SelectItem

[1A[2KBROWSER CONSOLE: SelectItemProvider

[1A[2KBROWSER CONSOLE: SelectCollectionItemSlot

[1A[2KBROWSER CONSOLE: SelectItem

[1A[2KBROWSER CONSOLE: SelectItem

[1A[2KBROWSER CONSOLE: SelectItemProvider

[1A[2KBROWSER CONSOLE: SelectCollectionItemSlot

[1A[2KBROWSER CONSOLE: SelectItem

[1A[2KBROWSER CONSOLE: SelectItem

[1A[2KBROWSER CONSOLE: SelectItemProvider

[1A[2KBROWSER CONSOLE: SelectCollectionItemSlot

[1A[2KBROWSER CONSOLE: SelectCollectionItemSlot.Slot

[1A[2KBROWSER CONSOLE: SelectCollectionItemSlot.SlotClone

[1A[2KBROWSER CONSOLE: Primitive.div

[1A[2KBROWSER CONSOLE: SelectItemText

[1A[2KBROWSER CONSOLE: SelectItem

[1A[2KBROWSER CONSOLE: SelectItem

[1A[2KBROWSER CONSOLE: SelectItemProvider

[1A[2KBROWSER CONSOLE: SelectCollectionItemSlot

[1A[2KBROWSER CONSOLE: SelectCollectionItemSlot.Slot

[1A[2KBROWSER CONSOLE: SelectCollectionItemSlot.SlotClone

[1A[2KBROWSER CONSOLE: Primitive.div

[1A[2KBROWSER CONSOLE: SelectItem

[1A[2KBROWSER CONSOLE: SelectItem

[1A[2KBROWSER CONSOLE: SelectItemProvider

[1A[2KBROWSER CONSOLE: SelectCollectionItemSlot

[1A[2KBROWSER CONSOLE: SelectCollectionItemSlot.Slot

[1A[2KBROWSER CONSOLE: SelectCollectionItemSlot.SlotClone

[1A[2KBROWSER CONSOLE: Primitive.div

[1A[2KBROWSER CONSOLE: SelectItemText

[1A[2KBROWSER CONSOLE: Primitive.span

[1A[2KBROWSER CONSOLE: SelectItem

[1A[2KBROWSER CONSOLE: SelectItem

[1A[2KBROWSER CONSOLE: SelectItemProvider

[1A[2KBROWSER CONSOLE: SelectCollectionItemSlot

[1A[2KBROWSER CONSOLE: SelectCollectionItemSlot.Slot

[1A[2KBROWSER CONSOLE: SelectCollectionItemSlot.SlotClone

[1A[2KBROWSER CONSOLE: Primitive.div

[1A[2KBROWSER CONSOLE: SelectItemText

[1A[2KBROWSER CONSOLE: SelectItem

[1A[2KBROWSER CONSOLE: SelectItem

[1A[2KBROWSER CONSOLE: SelectItemProvider

[1A[2KBROWSER CONSOLE: SelectCollectionItemSlot

[1A[2KBROWSER CONSOLE: SelectCollectionItemSlot.Slot

[1A[2KBROWSER CONSOLE: SelectCollectionItemSlot.SlotClone

[1A[2KBROWSER CONSOLE: Primitive.div

[1A[2KBROWSER CONSOLE: SelectItemIndicator

[1A[2KBROWSER CONSOLE: SelectItemText

[1A[2KBROWSER CONSOLE: SelectItem

[1A[2KBROWSER CONSOLE: SelectItem

[1A[2KBROWSER CONSOLE: SelectItemProvider

[1A[2KBROWSER CONSOLE: SelectCollectionItemSlot

[1A[2KBROWSER CONSOLE: SelectItem

[1A[2KBROWSER CONSOLE: SelectItem

[1A[2KBROWSER CONSOLE: SelectItemProvider

[1A[2KBROWSER CONSOLE: SelectCollectionItemSlot

[1A[2KBROWSER CONSOLE: SelectCollectionItemSlot.Slot

[1A[2KBROWSER CONSOLE: SelectCollectionItemSlot.SlotClone

[1A[2KBROWSER CONSOLE: Primitive.div

[1A[2KBROWSER CONSOLE: SelectItem

[1A[2KBROWSER CONSOLE: SelectItem

[1A[2KBROWSER CONSOLE: SelectItemProvider

[1A[2KBROWSER CONSOLE: SelectCollectionItemSlot

[1A[2KBROWSER CONSOLE: SelectCollectionItemSlot.Slot

[1A[2KBROWSER CONSOLE: SelectCollectionItemSlot.SlotClone

[1A[2KBROWSER CONSOLE: Primitive.div

[1A[2KBROWSER CONSOLE: SelectItemText

[1A[2KBROWSER CONSOLE: SelectItem

[1A[2KBROWSER CONSOLE: SelectItem

[1A[2KBROWSER CONSOLE: SelectItemProvider

[1A[2KBROWSER CONSOLE: SelectCollectionItemSlot

[1A[2KBROWSER CONSOLE: SelectCollectionItemSlot.Slot

[1A[2KBROWSER CONSOLE: SelectCollectionItemSlot.SlotClone

[1A[2KBROWSER CONSOLE: Primitive.div

[1A[2KBROWSER CONSOLE: SelectItemText

[1A[2KBROWSER CONSOLE: SelectItem

[1A[2KBROWSER CONSOLE: SelectItem

[1A[2KBROWSER CONSOLE: SelectItemProvider

[1A[2KBROWSER CONSOLE: SelectCollectionItemSlot

[1A[2KBROWSER CONSOLE: SelectCollectionItemSlot.Slot

[1A[2KBROWSER CONSOLE: SelectCollectionItemSlot.SlotClone

[1A[2KBROWSER CONSOLE: Primitive.div

[1A[2KBROWSER CONSOLE: SelectItemText

[1A[2KBROWSER CONSOLE: Primitive.span

[1A[2KBROWSER CONSOLE: SelectItem

[1A[2KBROWSER CONSOLE: SelectItem

[1A[2KBROWSER CONSOLE: SelectItemProvider

[1A[2KBROWSER CONSOLE: SelectCollectionItemSlot

[1A[2KBROWSER CONSOLE: SelectCollectionItemSlot.Slot

[1A[2KBROWSER CONSOLE: SelectCollectionItemSlot.SlotClone

[1A[2KBROWSER CONSOLE: Primitive.div

[1A[2KBROWSER CONSOLE: SelectItemText

[1A[2KBROWSER CONSOLE: Primitive.span

[1A[2KBROWSER CONSOLE: SelectItem

[1A[2KBROWSER CONSOLE: SelectItem

[1A[2KBROWSER CONSOLE: SelectItemProvider

[1A[2KBROWSER CONSOLE: SelectCollectionItemSlot

[1A[2KBROWSER CONSOLE: SelectCollectionItemSlot.Slot

[1A[2KBROWSER CONSOLE: SelectCollectionItemSlot.SlotClone

[1A[2KBROWSER CONSOLE: Primitive.div

[1A[2KBROWSER CONSOLE: SelectItem

[1A[2KBROWSER CONSOLE: SelectItem

[1A[2KBROWSER CONSOLE: SelectItemProvider

[1A[2KBROWSER CONSOLE: SelectCollectionItemSlot

[1A[2KBROWSER CONSOLE: SelectCollectionItemSlot.Slot

[1A[2KBROWSER CONSOLE: SelectCollectionItemSlot.SlotClone

[1A[2KBROWSER CONSOLE: Primitive.div

[1A[2KBROWSER CONSOLE: SelectItemText

[1A[2KBROWSER CONSOLE: Primitive.span

[1A[2KBROWSER CONSOLE: SelectItem

[1A[2KBROWSER CONSOLE: SelectItem

[1A[2KBROWSER CONSOLE: SelectItemProvider

[1A[2KBROWSER CONSOLE: SelectCollectionItemSlot

[1A[2KBROWSER CONSOLE: SelectCollectionItemSlot.Slot

[1A[2KBROWSER CONSOLE: SelectCollectionItemSlot.SlotClone

[1A[2KBROWSER CONSOLE: SelectItem

[1A[2KBROWSER CONSOLE: SelectItem

[1A[2KBROWSER CONSOLE: SelectItemProvider

[1A[2KBROWSER CONSOLE: SelectCollectionItemSlot

[1A[2KBROWSER CONSOLE: SelectCollectionItemSlot.Slot

[1A[2KBROWSER CONSOLE: SelectCollectionItemSlot.SlotClone

[1A[2KBROWSER CONSOLE: Primitive.div

[1A[2KBROWSER CONSOLE: SelectItemText

[1A[2KBROWSER CONSOLE: Primitive.span

[1A[2KBROWSER CONSOLE: SelectItem

[1A[2KBROWSER CONSOLE: SelectItem

[1A[2KBROWSER CONSOLE: SelectItemProvider

[1A[2KBROWSER CONSOLE: SelectCollectionItemSlot

[1A[2KBROWSER CONSOLE: SelectCollectionItemSlot.Slot

[1A[2KBROWSER CONSOLE: SelectCollectionItemSlot.SlotClone

[1A[2KBROWSER CONSOLE: Primitive.div

[1A[2KBROWSER CONSOLE: SelectItemText

[1A[2KBROWSER CONSOLE: SelectItem

[1A[2KBROWSER CONSOLE: SelectItem

[1A[2KBROWSER CONSOLE: SelectItemProvider

[1A[2KBROWSER CONSOLE: SelectCollectionItemSlot

[1A[2KBROWSER CONSOLE: SelectCollectionItemSlot.Slot

[1A[2KBROWSER CONSOLE: SelectCollectionItemSlot.SlotClone

[1A[2KBROWSER CONSOLE: Primitive.div

[1A[2KBROWSER CONSOLE: SelectItemText

[1A[2KBROWSER CONSOLE: Primitive.span

[1A[2KBROWSER CONSOLE: SelectItem

[1A[2KBROWSER CONSOLE: SelectItem

[1A[2KBROWSER CONSOLE: SelectItemProvider

[1A[2KBROWSER CONSOLE: SelectCollectionItemSlot

[1A[2KBROWSER CONSOLE: SelectCollectionItemSlot.Slot

[1A[2KBROWSER CONSOLE: SelectCollectionItemSlot.SlotClone

[1A[2KBROWSER CONSOLE: Primitive.div

[1A[2KBROWSER CONSOLE: SelectItem

[1A[2KBROWSER CONSOLE: SelectItem

[1A[2KBROWSER CONSOLE: SelectItemProvider

[1A[2KBROWSER CONSOLE: SelectCollectionItemSlot

[1A[2KBROWSER CONSOLE: SelectItem

[1A[2KBROWSER CONSOLE: SelectItem

[1A[2KBROWSER CONSOLE: SelectItemProvider

[1A[2KBROWSER CONSOLE: SelectCollectionItemSlot

[1A[2KBROWSER CONSOLE: SelectCollectionItemSlot.Slot

[1A[2KBROWSER CONSOLE: SelectCollectionItemSlot.SlotClone

[1A[2KBROWSER CONSOLE: Primitive.div

[1A[2KBROWSER CONSOLE: SelectItemText

[1A[2KBROWSER CONSOLE: SelectItem

[1A[2KBROWSER CONSOLE: SelectItem

[1A[2KBROWSER CONSOLE: SelectItemProvider

[1A[2KBROWSER CONSOLE: SelectCollectionItemSlot

[1A[2KBROWSER CONSOLE: SelectCollectionItemSlot.Slot

[1A[2KBROWSER CONSOLE: SelectCollectionItemSlot.SlotClone

[1A[2KBROWSER CONSOLE: Primitive.div

[1A[2KBROWSER CONSOLE: SelectItemText

[1A[2KBROWSER CONSOLE: Primitive.span

[1A[2KBROWSER CONSOLE: SelectItem

[1A[2KBROWSER CONSOLE: SelectItem

[1A[2KBROWSER CONSOLE: SelectItemProvider

[1A[2KBROWSER CONSOLE: SelectCollectionItemSlot

[1A[2KBROWSER CONSOLE: SelectCollectionItemSlot.Slot

[1A[2KBROWSER CONSOLE: SelectCollectionItemSlot.SlotClone

[1A[2KBROWSER CONSOLE: Primitive.div

[1A[2KBROWSER CONSOLE: SelectItemText

[1A[2KBROWSER CONSOLE: Primitive.span

[1A[2KBROWSER CONSOLE: SelectItem

[1A[2KBROWSER CONSOLE: SelectItem

[1A[2KBROWSER CONSOLE: SelectItemProvider

[1A[2KBROWSER CONSOLE: SelectCollectionItemSlot

[1A[2KBROWSER CONSOLE: SelectItem

[1A[2KBROWSER CONSOLE: SelectItem

[1A[2KBROWSER CONSOLE: SelectItemProvider

[1A[2KBROWSER CONSOLE: SelectCollectionItemSlot

[1A[2KBROWSER CONSOLE: SelectCollectionItemSlot.Slot

[1A[2KBROWSER CONSOLE: SelectCollectionItemSlot.SlotClone

[1A[2KBROWSER CONSOLE: Primitive.div

[1A[2KBROWSER CONSOLE: SelectItemText

[1A[2KBROWSER CONSOLE: Primitive.span

[1A[2KBROWSER CONSOLE: SelectItem

[1A[2KBROWSER CONSOLE: SelectItem

[1A[2KBROWSER CONSOLE: SelectItemProvider

[1A[2KBROWSER CONSOLE: SelectCollectionItemSlot

[1A[2KBROWSER CONSOLE: SelectCollectionItemSlot.Slot

[1A[2KBROWSER CONSOLE: SelectCollectionItemSlot.SlotClone

[1A[2KBROWSER CONSOLE: Primitive.div

[1A[2KBROWSER CONSOLE: SelectItemText

[1A[2KBROWSER CONSOLE: Primitive.span

[1A[2KBROWSER CONSOLE: SelectCollectionItemSlot

[1A[2KBROWSER CONSOLE: SelectItem

[1A[2KBROWSER CONSOLE: SelectItem

[1A[2KBROWSER CONSOLE: SelectItemProvider

[1A[2KBROWSER CONSOLE: SelectCollectionItemSlot

[1A[2KBROWSER CONSOLE: SelectCollectionItemSlot.Slot

[1A[2KBROWSER CONSOLE: SelectCollectionItemSlot.SlotClone

[1A[2KBROWSER CONSOLE: Primitive.div

[1A[2KBROWSER CONSOLE: SelectItemText

[1A[2KBROWSER CONSOLE: Primitive.span

[1A[2KBROWSER CONSOLE: SelectItem

[1A[2KBROWSER CONSOLE: SelectItem

[1A[2KBROWSER CONSOLE: SelectItemProvider

[1A[2KBROWSER CONSOLE: SelectCollectionItemSlot

[1A[2KBROWSER CONSOLE: SelectCollectionItemSlot.Slot

[1A[2KBROWSER CONSOLE: SelectCollectionItemSlot.SlotClone

[1A[2KBROWSER CONSOLE: Primitive.div

[1A[2KBROWSER CONSOLE: SelectItemIndicator

[1A[2KBROWSER CONSOLE: SelectItemText

[1A[2KBROWSER CONSOLE: SelectItem

[1A[2KBROWSER CONSOLE: SelectItem

[1A[2KBROWSER CONSOLE: SelectItemProvider

[1A[2KBROWSER CONSOLE: SelectCollectionItemSlot

[1A[2KBROWSER CONSOLE: SelectCollectionItemSlot.Slot

[1A[2KBROWSER CONSOLE: SelectCollectionItemSlot.SlotClone

[1A[2KBROWSER CONSOLE: Primitive.div

[1A[2KBROWSER CONSOLE: SelectItemIndicator

[1A[2KBROWSER CONSOLE: SelectItemText

[1A[2KBROWSER CONSOLE: SelectItem

[1A[2KBROWSER CONSOLE: SelectItem

[1A[2KBROWSER CONSOLE: SelectItemProvider

[1A[2KBROWSER CONSOLE: SelectCollectionItemSlot

[1A[2KBROWSER CONSOLE: SelectCollectionItemSlot.Slot

[1A[2KBROWSER CONSOLE: SelectCollectionItemSlot.SlotClone

[1A[2KBROWSER CONSOLE: Primitive.div

[1A[2KBROWSER CONSOLE: SelectItemIndicator

[1A[2KBROWSER CONSOLE: SelectItemText

[1A[2KBROWSER CONSOLE: SelectItem

[1A[2KBROWSER CONSOLE: SelectItem

[1A[2KBROWSER CONSOLE: SelectItemProvider

[1A[2KBROWSER CONSOLE: SelectCollectionItemSlot

[1A[2KBROWSER CONSOLE: SelectCollectionItemSlot.Slot

[1A[2KBROWSER CONSOLE: SelectCollectionItemSlot.SlotClone

[1A[2KBROWSER CONSOLE: Primitive.div

[1A[2KBROWSER CONSOLE: SelectItemText

[1A[2KBROWSER CONSOLE: Primitive.span

[1A[2KBROWSER CONSOLE: SelectItem

[1A[2KBROWSER CONSOLE: SelectItem

[1A[2KBROWSER CONSOLE: SelectItemProvider

[1A[2KBROWSER CONSOLE: SelectCollectionItemSlot

[1A[2KBROWSER CONSOLE: SelectCollectionItemSlot.Slot

[1A[2KBROWSER CONSOLE: SelectCollectionItemSlot.SlotClone

[1A[2KBROWSER CONSOLE: Primitive.div

[1A[2KBROWSER CONSOLE: SelectItemText

[1A[2KBROWSER CONSOLE: Primitive.span

[1A[2KBROWSER CONSOLE: SelectScrollDownButton

[1A[2KBROWSER CONSOLE: SelectContent

[1A[2KBROWSER CONSOLE: SelectContentProvider

[1A[2KBROWSER CONSOLE: SelectCollectionSlot

[1A[2KBROWSER CONSOLE: SelectCollectionSlot.Slot

[1A[2KBROWSER CONSOLE: SelectCollectionSlot.SlotClone

[1A[2KBROWSER CONSOLE: SelectScrollUpButton

[1A[2KBROWSER CONSOLE: SelectScrollUpButton

[1A[2KBROWSER CONSOLE: SelectViewport

[1A[2KBROWSER CONSOLE: SelectCollectionSlot

[1A[2KBROWSER CONSOLE: SelectCollectionSlot.Slot

[1A[2KBROWSER CONSOLE: SelectCollectionSlot.SlotClone

[1A[2KBROWSER CONSOLE: Primitive.div

[1A[2KBROWSER CONSOLE: SelectItem

[1A[2KBROWSER CONSOLE: SelectItem

[1A[2KBROWSER CONSOLE: SelectItemProvider

[1A[2KBROWSER CONSOLE: SelectCollectionItemSlot

[1A[2KBROWSER CONSOLE: SelectCollectionItemSlot.Slot

[1A[2KBROWSER CONSOLE: SelectItem

[1A[2KBROWSER CONSOLE: SelectItem

[1A[2KBROWSER CONSOLE: SelectItemProvider

[1A[2KBROWSER CONSOLE: SelectCollectionItemSlot

[1A[2KBROWSER CONSOLE: SelectCollectionItemSlot.Slot

[1A[2KBROWSER CONSOLE: SelectCollectionItemSlot.SlotClone

[1A[2KBROWSER CONSOLE: Primitive.div

[1A[2KBROWSER CONSOLE: SelectItemText

[1A[2KBROWSER CONSOLE: Primitive.span

[1A[2KBROWSER CONSOLE: SelectItem

[1A[2KBROWSER CONSOLE: SelectItem

[1A[2KBROWSER CONSOLE: SelectItemProvider

[1A[2KBROWSER CONSOLE: SelectCollectionItemSlot

[1A[2KBROWSER CONSOLE: SelectCollectionItemSlot.Slot

[1A[2KBROWSER CONSOLE: SelectCollectionItemSlot.SlotClone

[1A[2KBROWSER CONSOLE: Primitive.div

[1A[2KBROWSER CONSOLE: SelectItem

[1A[2KBROWSER CONSOLE: SelectItem

[1A[2KBROWSER CONSOLE: SelectItemProvider

[1A[2KBROWSER CONSOLE: SelectCollectionItemSlot

[1A[2KBROWSER CONSOLE: SelectCollectionItemSlot.Slot

[1A[2KBROWSER CONSOLE: SelectItem

[1A[2KBROWSER CONSOLE: SelectItem

[1A[2KBROWSER CONSOLE: SelectItemProvider

[1A[2KBROWSER CONSOLE: SelectCollectionItemSlot

[1A[2KBROWSER CONSOLE: SelectItem

[1A[2KBROWSER CONSOLE: SelectItem

[1A[2KBROWSER CONSOLE: SelectItemProvider

[1A[2KBROWSER CONSOLE: SelectCollectionItemSlot

[1A[2KBROWSER CONSOLE: SelectCollectionItemSlot.Slot

[1A[2KBROWSER CONSOLE: SelectCollectionItemSlot.SlotClone

[1A[2KBROWSER CONSOLE: Primitive.div

[1A[2KBROWSER CONSOLE: SelectItem

[1A[2KBROWSER CONSOLE: SelectItem

[1A[2KBROWSER CONSOLE: SelectItemProvider

[1A[2KBROWSER CONSOLE: SelectCollectionItemSlot

[1A[2KBROWSER CONSOLE: SelectCollectionItemSlot.Slot

[1A[2KBROWSER CONSOLE: SelectCollectionItemSlot.SlotClone

[1A[2KBROWSER CONSOLE: Primitive.div

[1A[2KBROWSER CONSOLE: SelectItemIndicator

[1A[2KBROWSER CONSOLE: SelectItemText

[1A[2KBROWSER CONSOLE: Primitive.span

[1A[2KBROWSER CONSOLE: SelectItem

[1A[2KBROWSER CONSOLE: SelectItem

[1A[2KBROWSER CONSOLE: SelectItemProvider

[1A[2KBROWSER CONSOLE: SelectCollectionItemSlot

[1A[2KBROWSER CONSOLE: SelectCollectionItemSlot.Slot

[1A[2KBROWSER CONSOLE: SelectCollectionItemSlot.SlotClone

[1A[2KBROWSER CONSOLE: Primitive.div

[1A[2KBROWSER CONSOLE: SelectItemText

[1A[2KBROWSER CONSOLE: Primitive.span

[1A[2KBROWSER CONSOLE: SelectItem

[1A[2KBROWSER CONSOLE: SelectItem

[1A[2KBROWSER CONSOLE: SelectItemProvider

[1A[2KBROWSER CONSOLE: SelectCollectionItemSlot

[1A[2KBROWSER CONSOLE: SelectItem

[1A[2KBROWSER CONSOLE: SelectItem

[1A[2KBROWSER CONSOLE: SelectItemProvider

[1A[2KBROWSER CONSOLE: SelectCollectionItemSlot

[1A[2KBROWSER CONSOLE: SelectCollectionItemSlot.Slot

[1A[2KBROWSER CONSOLE: SelectCollectionItemSlot.SlotClone

[1A[2KBROWSER CONSOLE: Primitive.div

[1A[2KBROWSER CONSOLE: SelectItem

[1A[2KBROWSER CONSOLE: SelectItem

[1A[2KBROWSER CONSOLE: SelectItemProvider

[1A[2KBROWSER CONSOLE: SelectCollectionItemSlot

[1A[2KBROWSER CONSOLE: SelectCollectionItemSlot.Slot

[1A[2KBROWSER CONSOLE: SelectCollectionItemSlot.SlotClone

[1A[2KBROWSER CONSOLE: Primitive.div

[1A[2KBROWSER CONSOLE: SelectItem

[1A[2KBROWSER CONSOLE: SelectItem

[1A[2KBROWSER CONSOLE: SelectItemProvider

[1A[2KBROWSER CONSOLE: SelectCollectionItemSlot

[1A[2KBROWSER CONSOLE: SelectCollectionItemSlot.Slot

[1A[2KBROWSER CONSOLE: SelectCollectionItemSlot.SlotClone

[1A[2KBROWSER CONSOLE: Primitive.div

[1A[2KBROWSER CONSOLE: SelectItemText

[1A[2KBROWSER CONSOLE: Primitive.span

[1A[2KBROWSER CONSOLE: SelectItem

[1A[2KBROWSER CONSOLE: SelectItem

[1A[2KBROWSER CONSOLE: SelectItemProvider

[1A[2KBROWSER CONSOLE: SelectCollectionItemSlot

[1A[2KBROWSER CONSOLE: SelectCollectionItemSlot.Slot

[1A[2KBROWSER CONSOLE: SelectCollectionItemSlot.SlotClone

[1A[2KBROWSER CONSOLE: SelectItem

[1A[2KBROWSER CONSOLE: SelectItem

[1A[2KBROWSER CONSOLE: SelectItemProvider

[1A[2KBROWSER CONSOLE: SelectCollectionItemSlot

[1A[2KBROWSER CONSOLE: SelectCollectionItemSlot.Slot

[1A[2KBROWSER CONSOLE: SelectCollectionItemSlot.SlotClone

[1A[2KBROWSER CONSOLE: SelectItem

[1A[2KBROWSER CONSOLE: SelectItem

[1A[2KBROWSER CONSOLE: SelectItemProvider

[1A[2KBROWSER CONSOLE: SelectCollectionItemSlot

[1A[2KBROWSER CONSOLE: SelectCollectionItemSlot.Slot

[1A[2KBROWSER CONSOLE: SelectCollectionItemSlot.SlotClone

[1A[2KBROWSER CONSOLE: SelectItem

[1A[2KBROWSER CONSOLE: SelectItem

[1A[2KBROWSER CONSOLE: SelectItemProvider

[1A[2KBROWSER CONSOLE: SelectCollectionItemSlot

[1A[2KBROWSER CONSOLE: SelectCollectionItemSlot.Slot

[1A[2KBROWSER CONSOLE: SelectCollectionItemSlot.SlotClone

[1A[2KBROWSER CONSOLE: SelectItem

[1A[2KBROWSER CONSOLE: SelectItem

[1A[2KBROWSER CONSOLE: SelectItemProvider

[1A[2KBROWSER CONSOLE: SelectCollectionItemSlot

[1A[2KBROWSER CONSOLE: SelectCollectionItemSlot.Slot

[1A[2KBROWSER CONSOLE: SelectCollectionItemSlot.SlotClone

[1A[2KBROWSER CONSOLE: Primitive.div

[1A[2KBROWSER CONSOLE: SelectItem

[1A[2KBROWSER CONSOLE: SelectItem

[1A[2KBROWSER CONSOLE: SelectItemProvider

[1A[2KBROWSER CONSOLE: SelectCollectionItemSlot

[1A[2KBROWSER CONSOLE: SelectCollectionItemSlot.Slot

[1A[2KBROWSER CONSOLE: SelectCollectionItemSlot.SlotClone

[1A[2KBROWSER CONSOLE: Primitive.div

[1A[2KBROWSER CONSOLE: SelectItemIndicator

[1A[2KBROWSER CONSOLE: SelectItemText

[1A[2KBROWSER CONSOLE: SelectItem

[1A[2KBROWSER CONSOLE: SelectItem

[1A[2KBROWSER CONSOLE: SelectItemProvider

[1A[2KBROWSER CONSOLE: SelectCollectionItemSlot

[1A[2KBROWSER CONSOLE: SelectCollectionItemSlot.Slot

[1A[2KBROWSER CONSOLE: SelectCollectionItemSlot.SlotClone

[1A[2KBROWSER CONSOLE: Primitive.div

[1A[2KBROWSER CONSOLE: SelectItemText

[1A[2KBROWSER CONSOLE: Primitive.span

[1A[2KBROWSER CONSOLE: SelectItem

[1A[2KBROWSER CONSOLE: SelectItem

[1A[2KBROWSER CONSOLE: SelectItemProvider

[1A[2KBROWSER CONSOLE: SelectCollectionItemSlot

[1A[2KBROWSER CONSOLE: SelectCollectionItemSlot.Slot

[1A[2KBROWSER CONSOLE: SelectCollectionItemSlot.SlotClone

[1A[2KBROWSER CONSOLE: Primitive.div

[1A[2KBROWSER CONSOLE: SelectItem

[1A[2KBROWSER CONSOLE: SelectItem

[1A[2KBROWSER CONSOLE: SelectItemProvider

[1A[2KBROWSER CONSOLE: SelectCollectionItemSlot

[1A[2KBROWSER CONSOLE: SelectCollectionItemSlot.Slot

[1A[2KBROWSER CONSOLE: SelectCollectionItemSlot.SlotClone

[1A[2KBROWSER CONSOLE: Primitive.div

[1A[2KBROWSER CONSOLE: SelectItemText

[1A[2KBROWSER CONSOLE: Primitive.span

[1A[2KBROWSER CONSOLE: SelectItem

[1A[2KBROWSER CONSOLE: SelectItem

[1A[2KBROWSER CONSOLE: SelectItemProvider

[1A[2KBROWSER CONSOLE: SelectCollectionItemSlot

[1A[2KBROWSER CONSOLE: SelectItem

[1A[2KBROWSER CONSOLE: SelectItem

[1A[2KBROWSER CONSOLE: SelectItemProvider

[1A[2KBROWSER CONSOLE: SelectCollectionItemSlot

[1A[2KBROWSER CONSOLE: SelectCollectionItemSlot.Slot

[1A[2KBROWSER CONSOLE: SelectCollectionItemSlot.SlotClone

[1A[2KBROWSER CONSOLE: Primitive.div

[1A[2KBROWSER CONSOLE: SelectItemText

[1A[2KBROWSER CONSOLE: SelectItem

[1A[2KBROWSER CONSOLE: SelectItem

[1A[2KBROWSER CONSOLE: SelectItemProvider

[1A[2KBROWSER CONSOLE: SelectCollectionItemSlot

[1A[2KBROWSER CONSOLE: SelectItem

[1A[2KBROWSER CONSOLE: SelectItem

[1A[2KBROWSER CONSOLE: SelectItemProvider

[1A[2KBROWSER CONSOLE: SelectCollectionItemSlot

[1A[2KBROWSER CONSOLE: SelectItem

[1A[2KBROWSER CONSOLE: SelectItem

[1A[2KBROWSER CONSOLE: SelectItemProvider

[1A[2KBROWSER CONSOLE: SelectCollectionItemSlot

[1A[2KBROWSER CONSOLE: SelectItem

[1A[2KBROWSER CONSOLE: SelectItem

[1A[2KBROWSER CONSOLE: SelectItemProvider

[1A[2KBROWSER CONSOLE: SelectCollectionItemSlot

[1A[2KBROWSER CONSOLE: SelectCollectionItemSlot

[1A[2KBROWSER CONSOLE: SelectItem

[1A[2KBROWSER CONSOLE: SelectItem

[1A[2KBROWSER CONSOLE: SelectItemProvider

[1A[2KBROWSER CONSOLE: SelectCollectionItemSlot

[1A[2KBROWSER CONSOLE: SelectItem

[1A[2KBROWSER CONSOLE: SelectItem

[1A[2KBROWSER CONSOLE: SelectItemProvider

[1A[2KBROWSER CONSOLE: SelectCollectionItemSlot

[1A[2KBROWSER CONSOLE: SelectItem

[1A[2KBROWSER CONSOLE: SelectItem

[1A[2KBROWSER CONSOLE: SelectItemProvider

[1A[2KBROWSER CONSOLE: SelectCollectionItemSlot

[1A[2KBROWSER CONSOLE: SelectItem

[1A[2KBROWSER CONSOLE: SelectItem

[1A[2KBROWSER CONSOLE: SelectItemProvider

[1A[2KBROWSER CONSOLE: SelectCollectionItemSlot

[1A[2KBROWSER CONSOLE: SelectItem

[1A[2KBROWSER CONSOLE: SelectItem

[1A[2KBROWSER CONSOLE: SelectItemProvider

[1A[2KBROWSER CONSOLE: SelectCollectionItemSlot

[1A[2KBROWSER CONSOLE: SelectItem

[1A[2KBROWSER CONSOLE: SelectItem

[1A[2KBROWSER CONSOLE: SelectItemProvider

[1A[2KBROWSER CONSOLE: SelectCollectionItemSlot

[1A[2KBROWSER CONSOLE: SelectItem

[1A[2KBROWSER CONSOLE: SelectItem

[1A[2KBROWSER CONSOLE: SelectItemProvider

[1A[2KBROWSER CONSOLE: SelectCollectionItemSlot

[1A[2KBROWSER CONSOLE: SelectItem

[1A[2KBROWSER CONSOLE: SelectItem

[1A[2KBROWSER CONSOLE: SelectItemProvider

[1A[2KBROWSER CONSOLE: SelectCollectionItemSlot

[1A[2KBROWSER CONSOLE: SelectItem

[1A[2KBROWSER CONSOLE: SelectItem

[1A[2KBROWSER CONSOLE: SelectItemProvider

[1A[2KBROWSER CONSOLE: SelectCollectionItemSlot

[1A[2KBROWSER CONSOLE: SelectCollectionItemSlot.Slot

[1A[2KBROWSER CONSOLE: SelectCollectionItemSlot.SlotClone

[1A[2KBROWSER CONSOLE: Primitive.div

[1A[2KBROWSER CONSOLE: SelectItemText

[1A[2KBROWSER CONSOLE: Primitive.span

[1A[2KBROWSER CONSOLE: SelectItem

[1A[2KBROWSER CONSOLE: SelectItem

[1A[2KBROWSER CONSOLE: SelectItemProvider

[1A[2KBROWSER CONSOLE: SelectCollectionItemSlot

[1A[2KBROWSER CONSOLE: SelectItem

[1A[2KBROWSER CONSOLE: SelectItem

[1A[2KBROWSER CONSOLE: SelectItemProvider

[1A[2KBROWSER CONSOLE: SelectCollectionItemSlot

[1A[2KBROWSER CONSOLE: SelectCollectionItemSlot.Slot

[1A[2KBROWSER CONSOLE: SelectCollectionItemSlot.SlotClone

[1A[2KBROWSER CONSOLE: Primitive.div

[1A[2KBROWSER CONSOLE: SelectItemIndicator

[1A[2KBROWSER CONSOLE: SelectItemText

[1A[2KBROWSER CONSOLE: SelectScrollDownButton

[1A[2KBROWSER CONSOLE: span

[1A[2KBROWSER CONSOLE: span

[1A[2KBROWSER CONSOLE: span

[1A[2KBROWSER CONSOLE: SelectItemText

[1A[2KBROWSER CONSOLE: div

[1A[2KBROWSER CONSOLE: SelectItemText

[1A[2KBROWSER CONSOLE: span

[1A[2KBROWSER CONSOLE: span

[1A[2KBROWSER CONSOLE: span

[1A[2KBROWSER CONSOLE: span

[1A[2KBROWSER CONSOLE: SelectItemText

[1A[2KBROWSER CONSOLE: span

[1A[2KBROWSER CONSOLE: Remaining Effects

[1A[2KBROWSER CONSOLE: Blocking Track

[1A[2KBROWSER CONSOLE: Transition Track

[1A[2KBROWSER CONSOLE: Suspense Track

[1A[2KBROWSER CONSOLE: Idle Track

[1A[2KBROWSER CONSOLE: Render

[1A[2KBROWSER CONSOLE: span

[1A[2KBROWSER CONSOLE: span

[1A[2KBROWSER CONSOLE: span

[1A[2KBROWSER CONSOLE: span

[1A[2KBROWSER CONSOLE: span

[1A[2KBROWSER CONSOLE: SelectItemText

[1A[2KBROWSER CONSOLE: span

[1A[2KBROWSER CONSOLE: span

[1A[2KBROWSER CONSOLE: SelectItemText

[1A[2KBROWSER CONSOLE: span

[1A[2KBROWSER CONSOLE: span

[1A[2KBROWSER CONSOLE: Commit

[1A[2KBROWSER CONSOLE: Select

[1A[2KBROWSER CONSOLE: SelectProvider

[1A[2KBROWSER CONSOLE: SelectItem

[1A[2KBROWSER CONSOLE: SelectItem

[1A[2KBROWSER CONSOLE: SelectItemText

[1A[2KBROWSER CONSOLE: SelectItem

[1A[2KBROWSER CONSOLE: SelectBubbleInput

[1A[2KBROWSER CONSOLE: Primitive.select

[1A[2KBROWSER CONSOLE: Select

[1A[2KBROWSER CONSOLE: SelectProvider

[1A[2KBROWSER CONSOLE: SelectItem

[1A[2KBROWSER CONSOLE: SelectItem

[1A[2KBROWSER CONSOLE: SelectItem

[1A[2KBROWSER CONSOLE: SelectItem

[1A[2KBROWSER CONSOLE: SelectBubbleInput

[1A[2KBROWSER CONSOLE: Primitive.select

[1A[2KBROWSER CONSOLE: Select

[1A[2KBROWSER CONSOLE: SelectProvider

[1A[2KBROWSER CONSOLE: SelectItem

[1A[2KBROWSER CONSOLE: SelectItem

[1A[2KBROWSER CONSOLE: SelectItem

[1A[2KBROWSER CONSOLE: SelectItem

[1A[2KBROWSER CONSOLE: SelectItem

[1A[2KBROWSER CONSOLE: SelectItem

[1A[2KBROWSER CONSOLE: SelectItem

[1A[2KBROWSER CONSOLE: SelectItem

[1A[2KBROWSER CONSOLE: SelectItem

[1A[2KBROWSER CONSOLE: SelectItem

[1A[2KBROWSER CONSOLE: SelectItem

[1A[2KBROWSER CONSOLE: SelectItemText

[1A[2KBROWSER CONSOLE: SelectItem

[1A[2KBROWSER CONSOLE: SelectItem

[1A[2KBROWSER CONSOLE: SelectItem

[1A[2KBROWSER CONSOLE: SelectItem

[1A[2KBROWSER CONSOLE: SelectItem

[1A[2KBROWSER CONSOLE: SelectItem

[1A[2KBROWSER CONSOLE: SelectItemText

[1A[2KBROWSER CONSOLE: SelectItem

[1A[2KBROWSER CONSOLE: SelectItem

[1A[2KBROWSER CONSOLE: SelectItem

[1A[2KBROWSER CONSOLE: SelectItem

[1A[2KBROWSER CONSOLE: SelectItem

[1A[2KBROWSER CONSOLE: SelectItem

[1A[2KBROWSER CONSOLE: SelectItem

[1A[2KBROWSER CONSOLE: SelectItem

[1A[2KBROWSER CONSOLE: SelectItem

[1A[2KBROWSER CONSOLE: SelectItem

[1A[2KBROWSER CONSOLE: SelectItem

[1A[2KBROWSER CONSOLE: SelectItem

[1A[2KBROWSER CONSOLE: SelectItem

[1A[2KBROWSER CONSOLE: SelectItem

[1A[2KBROWSER CONSOLE: SelectItem

[1A[2KBROWSER CONSOLE: SelectItem

[1A[2KBROWSER CONSOLE: SelectItem

[1A[2KBROWSER CONSOLE: SelectBubbleInput

[1A[2KBROWSER CONSOLE: Primitive.select

[1A[2KBROWSER CONSOLE: Select

[1A[2KBROWSER CONSOLE: SelectProvider

[1A[2KBROWSER CONSOLE: SelectItem

[1A[2KBROWSER CONSOLE: SelectItem

[1A[2KBROWSER CONSOLE: SelectItem

[1A[2KBROWSER CONSOLE: SelectItem

[1A[2KBROWSER CONSOLE: SelectItem

[1A[2KBROWSER CONSOLE: SelectItem

[1A[2KBROWSER CONSOLE: SelectItem

[1A[2KBROWSER CONSOLE: SelectItem

[1A[2KBROWSER CONSOLE: SelectItem

[1A[2KBROWSER CONSOLE: SelectItem

[1A[2KBROWSER CONSOLE: SelectItem

[1A[2KBROWSER CONSOLE: SelectItem

[1A[2KBROWSER CONSOLE: SelectItem

[1A[2KBROWSER CONSOLE: SelectItem

[1A[2KBROWSER CONSOLE: SelectItem

[1A[2KBROWSER CONSOLE: SelectItem

[1A[2KBROWSER CONSOLE: SelectItem

[1A[2KBROWSER CONSOLE: SelectItem

[1A[2KBROWSER CONSOLE: SelectItem

[1A[2KBROWSER CONSOLE: SelectItem

[1A[2KBROWSER CONSOLE: SelectItem

[1A[2KBROWSER CONSOLE: SelectItem

[1A[2KBROWSER CONSOLE: SelectItem

[1A[2KBROWSER CONSOLE: SelectItem

[1A[2KBROWSER CONSOLE: SelectItem

[1A[2KBROWSER CONSOLE: SelectItem

[1A[2KBROWSER CONSOLE: SelectItem

[1A[2KBROWSER CONSOLE: SelectItem

[1A[2KBROWSER CONSOLE: SelectItem

[1A[2KBROWSER CONSOLE: SelectItem

[1A[2KBROWSER CONSOLE: SelectItem

[1A[2KBROWSER CONSOLE: SelectItem

[1A[2KBROWSER CONSOLE: SelectItem

[1A[2KBROWSER CONSOLE: SelectItemText

[1A[2KBROWSER CONSOLE: SelectItem

[1A[2KBROWSER CONSOLE: SelectItem

[1A[2KBROWSER CONSOLE: SelectItem

[1A[2KBROWSER CONSOLE: SelectItem

[1A[2KBROWSER CONSOLE: SelectItem

[1A[2KBROWSER CONSOLE: SelectBubbleInput

[1A[2KBROWSER CONSOLE: Primitive.select

[1A[2KBROWSER CONSOLE: Remaining Effects

[1A[2KBROWSER CONSOLE: Blocking Track

[1A[2KBROWSER CONSOLE: Transition Track

[1A[2KBROWSER CONSOLE: Suspense Track

[1A[2KBROWSER CONSOLE: Idle Track

[1A[2KBROWSER CONSOLE: Render

[1A[2KBROWSER CONSOLE: Commit

[1A[2KBROWSER CONSOLE: Waiting

[1A[2KBROWSER CONSOLE: Select

[1A[2KBROWSER CONSOLE: Select

[1A[2KBROWSER CONSOLE: SelectProvider

[1A[2KBROWSER CONSOLE: Select

[1A[2KBROWSER CONSOLE: Remaining Effects

[1A[2KBROWSER CONSOLE: Blocking Track

[1A[2KBROWSER CONSOLE: Transition Track

[1A[2KBROWSER CONSOLE: Suspense Track

[1A[2KBROWSER CONSOLE: Idle Track

[1A[2KBROWSER CONSOLE: Event: animationend

[1A[2KBROWSER CONSOLE: Render

[1A[2KBROWSER CONSOLE: Blocking Track

[1A[2KBROWSER CONSOLE: Transition Track

[1A[2KBROWSER CONSOLE: Suspense Track

[1A[2KBROWSER CONSOLE: Idle Track

[1A[2KBROWSER CONSOLE: Event: input

[1A[2KBROWSER CONSOLE: Render

[1A[2KBROWSER CONSOLE: div

[1A[2KBROWSER CONSOLE: span

[1A[2KBROWSER CONSOLE: div

[1A[2KBROWSER CONSOLE: div

[1A[2KBROWSER CONSOLE: Commit

[1A[2KBROWSER CONSOLE: AddStudentDialog

[1A[2KBROWSER CONSOLE: Label

[1A[2KBROWSER CONSOLE: Label

[1A[2KBROWSER CONSOLE: Label

[1A[2KBROWSER CONSOLE: SelectValue

[1A[2KBROWSER CONSOLE: ChevronDown

[1A[2KBROWSER CONSOLE: ForwardRef

[1A[2KBROWSER CONSOLE: SelectScrollUpButton

[1A[2KBROWSER CONSOLE: SelectItem

[1A[2KBROWSER CONSOLE: SelectItem

[1A[2KBROWSER CONSOLE: SelectItem

[1A[2KBROWSER CONSOLE: SelectScrollDownButton

[1A[2KBROWSER CONSOLE: Label

[1A[2KBROWSER CONSOLE: SelectValue

[1A[2KBROWSER CONSOLE: SelectScrollUpButton

[1A[2KBROWSER CONSOLE: SelectItem

[1A[2KBROWSER CONSOLE: Check

[1A[2KBROWSER CONSOLE: ForwardRef

[1A[2KBROWSER CONSOLE: SelectItemText

[1A[2KBROWSER CONSOLE: SelectItem

[1A[2KBROWSER CONSOLE: SelectItemText

[1A[2KBROWSER CONSOLE: SelectItem

[1A[2KBROWSER CONSOLE: SelectItem

[1A[2KBROWSER CONSOLE: SelectScrollDownButton

[1A[2KBROWSER CONSOLE: Label

[1A[2KBROWSER CONSOLE: Label

[1A[2KBROWSER CONSOLE: SelectScrollUpButton

[1A[2KBROWSER CONSOLE: SelectItem

[1A[2KBROWSER CONSOLE: SelectItem

[1A[2KBROWSER CONSOLE: SelectItem

[1A[2KBROWSER CONSOLE: SelectItem

[1A[2KBROWSER CONSOLE: SelectItem

[1A[2KBROWSER CONSOLE: SelectItem

[1A[2KBROWSER CONSOLE: SelectItem

[1A[2KBROWSER CONSOLE: SelectItem

[1A[2KBROWSER CONSOLE: SelectItem

[1A[2KBROWSER CONSOLE: SelectItem

[1A[2KBROWSER CONSOLE: SelectItemText

[1A[2KBROWSER CONSOLE: SelectItem

[1A[2KBROWSER CONSOLE: SelectItem

[1A[2KBROWSER CONSOLE: SelectItem

[1A[2KBROWSER CONSOLE: SelectItem

[1A[2KBROWSER CONSOLE: SelectItem

[1A[2KBROWSER CONSOLE: SelectItem

[1A[2KBROWSER CONSOLE: SelectItem

[1A[2KBROWSER CONSOLE: SelectItemText

[1A[2KBROWSER CONSOLE: SelectItem

[1A[2KBROWSER CONSOLE: SelectItem

[1A[2KBROWSER CONSOLE: SelectItem

[1A[2KBROWSER CONSOLE: SelectItem

[1A[2KBROWSER CONSOLE: SelectItem

[1A[2KBROWSER CONSOLE: SelectItemText

[1A[2KBROWSER CONSOLE: SelectItem

[1A[2KBROWSER CONSOLE: SelectItem

[1A[2KBROWSER CONSOLE: SelectItem

[1A[2KBROWSER CONSOLE: SelectItem

[1A[2KBROWSER CONSOLE: SelectItem

[1A[2KBROWSER CONSOLE: SelectItem

[1A[2KBROWSER CONSOLE: SelectItem

[1A[2KBROWSER CONSOLE: SelectItemText

[1A[2KBROWSER CONSOLE: SelectItem

[1A[2KBROWSER CONSOLE: SelectItem

[1A[2KBROWSER CONSOLE: SelectItem

[1A[2KBROWSER CONSOLE: SelectItem

[1A[2KBROWSER CONSOLE: SelectItemText

[1A[2KBROWSER CONSOLE: SelectItem

[1A[2KBROWSER CONSOLE: SelectScrollDownButton

[1A[2KBROWSER CONSOLE: Label

[1A[2KBROWSER CONSOLE: SelectScrollUpButton

[1A[2KBROWSER CONSOLE: SelectItem

[1A[2KBROWSER CONSOLE: SelectScrollDownButton

[1A[2KBROWSER CONSOLE: Label

[1A[2KBROWSER CONSOLE: Label

[1A[2KBROWSER CONSOLE: Remaining Effects

[1A[2KBROWSER CONSOLE: Blocking Track

[1A[2KBROWSER CONSOLE: Transition Track

[1A[2KBROWSER CONSOLE: Suspense Track

[1A[2KBROWSER CONSOLE: Idle Track

[1A[2KBROWSER CONSOLE: Render

[1A[2KBROWSER CONSOLE: Commit

[1A[2KBROWSER CONSOLE: Blocking Track

[1A[2KBROWSER CONSOLE: Transition Track

[1A[2KBROWSER CONSOLE: Suspense Track

[1A[2KBROWSER CONSOLE: Idle Track

[1A[2KBROWSER CONSOLE: Event: input

[1A[2KBROWSER CONSOLE: Render

[1A[2KBROWSER CONSOLE: div

[1A[2KBROWSER CONSOLE: span

[1A[2KBROWSER CONSOLE: button

[1A[2KBROWSER CONSOLE: span

[1A[2KBROWSER CONSOLE: Commit

[1A[2KBROWSER CONSOLE: AddStudentDialog

[1A[2KBROWSER CONSOLE: RemoveScrollBar

[1A[2KBROWSER CONSOLE: Sheet

[1A[2KBROWSER CONSOLE: Label

[1A[2KBROWSER CONSOLE: SelectValue

[1A[2KBROWSER CONSOLE: SelectValue

[1A[2KBROWSER CONSOLE: SelectScrollUpButton

[1A[2KBROWSER CONSOLE: SelectItem

[1A[2KBROWSER CONSOLE: SelectItem

[1A[2KBROWSER CONSOLE: SelectItem

[1A[2KBROWSER CONSOLE: SelectScrollDownButton

[1A[2KBROWSER CONSOLE: Label

[1A[2KBROWSER CONSOLE: Label

[1A[2KBROWSER CONSOLE: SelectValue

[1A[2KBROWSER CONSOLE: SelectValue

[1A[2KBROWSER CONSOLE: SelectScrollUpButton

[1A[2KBROWSER CONSOLE: SelectItem

[1A[2KBROWSER CONSOLE: SelectItem

[1A[2KBROWSER CONSOLE: SelectItem

[1A[2KBROWSER CONSOLE: SelectItemText

[1A[2KBROWSER CONSOLE: SelectItem

[1A[2KBROWSER CONSOLE: SelectScrollDownButton

[1A[2KBROWSER CONSOLE: Label

[1A[2KBROWSER CONSOLE: Label

[1A[2KBROWSER CONSOLE: SelectScrollUpButton

[1A[2KBROWSER CONSOLE: SelectItem

[1A[2KBROWSER CONSOLE: SelectItem

[1A[2KBROWSER CONSOLE: SelectItem

[1A[2KBROWSER CONSOLE: SelectItem

[1A[2KBROWSER CONSOLE: SelectItem

[1A[2KBROWSER CONSOLE: SelectItem

[1A[2KBROWSER CONSOLE: SelectItem

[1A[2KBROWSER CONSOLE: SelectItem

[1A[2KBROWSER CONSOLE: SelectItem

[1A[2KBROWSER CONSOLE: SelectItem

[1A[2KBROWSER CONSOLE: SelectItem

[1A[2KBROWSER CONSOLE: SelectItem

[1A[2KBROWSER CONSOLE: SelectItem

[1A[2KBROWSER CONSOLE: SelectItem

[1A[2KBROWSER CONSOLE: SelectItemText

[1A[2KBROWSER CONSOLE: SelectItem

[1A[2KBROWSER CONSOLE: SelectItem

[1A[2KBROWSER CONSOLE: SelectItem

[1A[2KBROWSER CONSOLE: SelectItem

[1A[2KBROWSER CONSOLE: SelectItem

[1A[2KBROWSER CONSOLE: SelectItem

[1A[2KBROWSER CONSOLE: SelectItemText

[1A[2KBROWSER CONSOLE: SelectItem

[1A[2KBROWSER CONSOLE: SelectItem

[1A[2KBROWSER CONSOLE: SelectItem

[1A[2KBROWSER CONSOLE: SelectItem

[1A[2KBROWSER CONSOLE: SelectItem

[1A[2KBROWSER CONSOLE: SelectItem

[1A[2KBROWSER CONSOLE: SelectItem

[1A[2KBROWSER CONSOLE: SelectItem

[1A[2KBROWSER CONSOLE: SelectItem

[1A[2KBROWSER CONSOLE: SelectItem

[1A[2KBROWSER CONSOLE: SelectItem

[1A[2KBROWSER CONSOLE: SelectItem

[1A[2KBROWSER CONSOLE: SelectItemText

[1A[2KBROWSER CONSOLE: SelectItem

[1A[2KBROWSER CONSOLE: SelectItemText

[1A[2KBROWSER CONSOLE: SelectItem

[1A[2KBROWSER CONSOLE: SelectItemText

[1A[2KBROWSER CONSOLE: SelectScrollDownButton

[1A[2KBROWSER CONSOLE: Label

[1A[2KBROWSER CONSOLE: SelectValue

[1A[2KBROWSER CONSOLE: ChevronDown

[1A[2KBROWSER CONSOLE: ForwardRef

[1A[2KBROWSER CONSOLE: SelectScrollUpButton

[1A[2KBROWSER CONSOLE: SelectItem

[1A[2KBROWSER CONSOLE: SelectScrollDownButton

[1A[2KBROWSER CONSOLE: Label

[1A[2KBROWSER CONSOLE: Label

[1A[2KBROWSER CONSOLE: Remaining Effects

[1A[2KBROWSER CONSOLE: Blocking Track

[1A[2KBROWSER CONSOLE: Transition Track

[1A[2KBROWSER CONSOLE: Suspense Track

[1A[2KBROWSER CONSOLE: Idle Track

[1A[2KBROWSER CONSOLE: Render

[1A[2KBROWSER CONSOLE: Commit

[1A[2KBROWSER CONSOLE: Blocking Track

[1A[2KBROWSER CONSOLE: Transition Track

[1A[2KBROWSER CONSOLE: Suspense Track

[1A[2KBROWSER CONSOLE: Idle Track

[1A[2KBROWSER CONSOLE: Event: input

[1A[2KBROWSER CONSOLE: Render

[1A[2KBROWSER CONSOLE: div

[1A[2KBROWSER CONSOLE: button

[1A[2KBROWSER CONSOLE: div

[1A[2KBROWSER CONSOLE: span

[1A[2KBROWSER CONSOLE: button

[1A[2KBROWSER CONSOLE: div

[1A[2KBROWSER CONSOLE: span

[1A[2KBROWSER CONSOLE: div

[1A[2KBROWSER CONSOLE: Commit

[1A[2KBROWSER CONSOLE: Waiting

[1A[2KBROWSER CONSOLE: AddStudentDialog

[1A[2KBROWSER CONSOLE: RemoveScrollBar

[1A[2KBROWSER CONSOLE: Label

[1A[2KBROWSER CONSOLE: Label

[1A[2KBROWSER CONSOLE: SelectScrollUpButton

[1A[2KBROWSER CONSOLE: SelectItem

[1A[2KBROWSER CONSOLE: SelectItemText

[1A[2KBROWSER CONSOLE: SelectItem

[1A[2KBROWSER CONSOLE: SelectItem

[1A[2KBROWSER CONSOLE: SelectScrollDownButton

[1A[2KBROWSER CONSOLE: Label

[1A[2KBROWSER CONSOLE: Label

[1A[2KBROWSER CONSOLE: Label

[1A[2KBROWSER CONSOLE: SelectValue

[1A[2KBROWSER CONSOLE: ChevronDown

[1A[2KBROWSER CONSOLE: ForwardRef

[1A[2KBROWSER CONSOLE: SelectScrollUpButton

[1A[2KBROWSER CONSOLE: SelectItem

[1A[2KBROWSER CONSOLE: SelectItem

[1A[2KBROWSER CONSOLE: SelectItem

[1A[2KBROWSER CONSOLE: SelectItem

[1A[2KBROWSER CONSOLE: SelectScrollDownButton

[1A[2KBROWSER CONSOLE: Label

[1A[2KBROWSER CONSOLE: SelectValue

[1A[2KBROWSER CONSOLE: SelectValue

[1A[2KBROWSER CONSOLE: SelectScrollUpButton

[1A[2KBROWSER CONSOLE: SelectItem

[1A[2KBROWSER CONSOLE: SelectItem

[1A[2KBROWSER CONSOLE: SelectItemText

[1A[2KBROWSER CONSOLE: SelectItem

[1A[2KBROWSER CONSOLE: SelectItem

[1A[2KBROWSER CONSOLE: SelectItem

[1A[2KBROWSER CONSOLE: SelectItem

[1A[2KBROWSER CONSOLE: SelectItem

[1A[2KBROWSER CONSOLE: SelectItem

[1A[2KBROWSER CONSOLE: SelectItem

[1A[2KBROWSER CONSOLE: SelectItem

[1A[2KBROWSER CONSOLE: SelectItemText

[1A[2KBROWSER CONSOLE: SelectItem

[1A[2KBROWSER CONSOLE: SelectItem

[1A[2KBROWSER CONSOLE: SelectItem

[1A[2KBROWSER CONSOLE: SelectItem

[1A[2KBROWSER CONSOLE: SelectItem

[1A[2KBROWSER CONSOLE: SelectItem

[1A[2KBROWSER CONSOLE: SelectItem

[1A[2KBROWSER CONSOLE: SelectItem

[1A[2KBROWSER CONSOLE: SelectItemText

[1A[2KBROWSER CONSOLE: SelectItem

[1A[2KBROWSER CONSOLE: SelectItem

[1A[2KBROWSER CONSOLE: SelectItem

[1A[2KBROWSER CONSOLE: SelectItem

[1A[2KBROWSER CONSOLE: SelectItem

[1A[2KBROWSER CONSOLE: SelectItemText

[1A[2KBROWSER CONSOLE: SelectItem

[1A[2KBROWSER CONSOLE: SelectItem

[1A[2KBROWSER CONSOLE: SelectItem

[1A[2KBROWSER CONSOLE: SelectItem

[1A[2KBROWSER CONSOLE: SelectItem

[1A[2KBROWSER CONSOLE: SelectItemText

[1A[2KBROWSER CONSOLE: SelectItem

[1A[2KBROWSER CONSOLE: SelectItem

[1A[2KBROWSER CONSOLE: SelectItem

[1A[2KBROWSER CONSOLE: SelectItem

[1A[2KBROWSER CONSOLE: SelectItem

[1A[2KBROWSER CONSOLE: SelectItem

[1A[2KBROWSER CONSOLE: SelectScrollDownButton

[1A[2KBROWSER CONSOLE: Label

[1A[2KBROWSER CONSOLE: SelectValue

[1A[2KBROWSER CONSOLE: ChevronDown

[1A[2KBROWSER CONSOLE: ForwardRef

[1A[2KBROWSER CONSOLE: SelectScrollUpButton

[1A[2KBROWSER CONSOLE: SelectItem

[1A[2KBROWSER CONSOLE: SelectItemText

[1A[2KBROWSER CONSOLE: SelectScrollDownButton

[1A[2KBROWSER CONSOLE: X

[1A[2KBROWSER CONSOLE: ForwardRef

[1A[2KBROWSER CONSOLE: AddStudentDialog

[1A[2KBROWSER CONSOLE: Remaining Effects

[1A[2KBROWSER CONSOLE: Blocking Track

[1A[2KBROWSER CONSOLE: Transition Track

[1A[2KBROWSER CONSOLE: Suspense Track

[1A[2KBROWSER CONSOLE: Idle Track

[1A[2KBROWSER CONSOLE: Render

[1A[2KBROWSER CONSOLE: Blocking Track

[1A[2KBROWSER CONSOLE: Transition Track

[1A[2KBROWSER CONSOLE: Suspense Track

[1A[2KBROWSER CONSOLE: Idle Track

[1A[2KBROWSER CONSOLE: Render

[1A[2KBROWSER CONSOLE: div

[1A[2KBROWSER CONSOLE: span

[1A[2KBROWSER CONSOLE: span

[1A[2KBROWSER CONSOLE: Commit

[1A[2KBROWSER CONSOLE: AddStudentDialog

[1A[2KBROWSER CONSOLE: RemoveScrollBar

[1A[2KBROWSER CONSOLE: Sheet

[1A[2KBROWSER CONSOLE: Label

[1A[2KBROWSER CONSOLE: SelectValue

[1A[2KBROWSER CONSOLE: SelectScrollUpButton

[1A[2KBROWSER CONSOLE: SelectItem

[1A[2KBROWSER CONSOLE: SelectItem

[1A[2KBROWSER CONSOLE: SelectItem

[1A[2KBROWSER CONSOLE: SelectScrollDownButton

[1A[2KBROWSER CONSOLE: Label

[1A[2KBROWSER CONSOLE: SelectScrollUpButton

[1A[2KBROWSER CONSOLE: SelectItem

[1A[2KBROWSER CONSOLE: SelectItemText

[1A[2KBROWSER CONSOLE: SelectItem

[1A[2KBROWSER CONSOLE: SelectItem

[1A[2KBROWSER CONSOLE: SelectItem

[1A[2KBROWSER CONSOLE: SelectScrollDownButton

[1A[2KBROWSER CONSOLE: Label

[1A[2KBROWSER CONSOLE: SelectValue

[1A[2KBROWSER CONSOLE: ChevronDown

[1A[2KBROWSER CONSOLE: SelectScrollUpButton

[1A[2KBROWSER CONSOLE: SelectItem

[1A[2KBROWSER CONSOLE: SelectItem

[1A[2KBROWSER CONSOLE: SelectItemText

[1A[2KBROWSER CONSOLE: SelectItem

[1A[2KBROWSER CONSOLE: SelectItem

[1A[2KBROWSER CONSOLE: SelectItem

[1A[2KBROWSER CONSOLE: SelectItem

[1A[2KBROWSER CONSOLE: SelectItem

[1A[2KBROWSER CONSOLE: SelectItem

[1A[2KBROWSER CONSOLE: SelectCollectionItemSlot

[1A[2KBROWSER CONSOLE: SelectItem

[1A[2KBROWSER CONSOLE: SelectItem

[1A[2KBROWSER CONSOLE: SelectItem

[1A[2KBROWSER CONSOLE: SelectItem

[1A[2KBROWSER CONSOLE: SelectItemText

[1A[2KBROWSER CONSOLE: SelectItem

[1A[2KBROWSER CONSOLE: SelectItem

[1A[2KBROWSER CONSOLE: SelectItem

[1A[2KBROWSER CONSOLE: SelectCollectionItemSlot

[1A[2KBROWSER CONSOLE: SelectItem

[1A[2KBROWSER CONSOLE: SelectItem

[1A[2KBROWSER CONSOLE: SelectItem

[1A[2KBROWSER CONSOLE: SelectItem

[1A[2KBROWSER CONSOLE: SelectItem

[1A[2KBROWSER CONSOLE: SelectItem

[1A[2KBROWSER CONSOLE: SelectItem

[1A[2KBROWSER CONSOLE: SelectItem

[1A[2KBROWSER CONSOLE: SelectItem

[1A[2KBROWSER CONSOLE: SelectItem

[1A[2KBROWSER CONSOLE: SelectItem

[1A[2KBROWSER CONSOLE: SelectItem

[1A[2KBROWSER CONSOLE: SelectItem

[1A[2KBROWSER CONSOLE: SelectItem

[1A[2KBROWSER CONSOLE: SelectItemText

[1A[2KBROWSER CONSOLE: SelectItem

[1A[2KBROWSER CONSOLE: SelectItem

[1A[2KBROWSER CONSOLE: SelectItem

[1A[2KBROWSER CONSOLE: SelectItem

[1A[2KBROWSER CONSOLE: SelectItem

[1A[2KBROWSER CONSOLE: SelectScrollDownButton

[1A[2KBROWSER CONSOLE: Label

[1A[2KBROWSER CONSOLE: SelectValue

[1A[2KBROWSER CONSOLE: ChevronDown

[1A[2KBROWSER CONSOLE: ForwardRef

[1A[2KBROWSER CONSOLE: SelectScrollUpButton

[1A[2KBROWSER CONSOLE: SelectItem

[1A[2KBROWSER CONSOLE: SelectScrollDownButton

[1A[2KBROWSER CONSOLE: Remaining Effects

[1A[2KBROWSER CONSOLE: Blocking Track

[1A[2KBROWSER CONSOLE: Transition Track

[1A[2KBROWSER CONSOLE: Suspense Track

[1A[2KBROWSER CONSOLE: Idle Track

[1A[2KBROWSER CONSOLE: Render

[1A[2KBROWSER CONSOLE: Error adding student: JSHandle@object

[1A[2KBROWSER CONSOLE: Blocking Track

[1A[2KBROWSER CONSOLE: Transition Track

[1A[2KBROWSER CONSOLE: Suspense Track

[1A[2KBROWSER CONSOLE: Idle Track

[1A[2KBROWSER CONSOLE: Render

[1A[2KBROWSER CONSOLE: div

[1A[2KBROWSER CONSOLE: div

[1A[2KBROWSER CONSOLE: Commit

[1A[2KBROWSER CONSOLE: AddStudentDialog

[1A[2KBROWSER CONSOLE: RemoveScrollBar

[1A[2KBROWSER CONSOLE: DialogTitle

[1A[2KBROWSER CONSOLE: DialogDescription

[1A[2KBROWSER CONSOLE: DialogDescription

[1A[2KBROWSER CONSOLE: Label

[1A[2KBROWSER CONSOLE: Label

[1A[2KBROWSER CONSOLE: Label

[1A[2KBROWSER CONSOLE: SelectValue

[1A[2KBROWSER CONSOLE: SelectScrollUpButton

[1A[2KBROWSER CONSOLE: SelectItem

[1A[2KBROWSER CONSOLE: SelectItemText

[1A[2KBROWSER CONSOLE: SelectItem

[1A[2KBROWSER CONSOLE: SelectItem

[1A[2KBROWSER CONSOLE: SelectScrollDownButton

[1A[2KBROWSER CONSOLE: Label

[1A[2KBROWSER CONSOLE: SelectValue

[1A[2KBROWSER CONSOLE: ChevronDown

[1A[2KBROWSER CONSOLE: ForwardRef

[1A[2KBROWSER CONSOLE: SelectScrollUpButton

[1A[2KBROWSER CONSOLE: SelectItem

[1A[2KBROWSER CONSOLE: SelectItemText

[1A[2KBROWSER CONSOLE: SelectItem

[1A[2KBROWSER CONSOLE: SelectItemText

[1A[2KBROWSER CONSOLE: SelectItem

[1A[2KBROWSER CONSOLE: SelectItemText

[1A[2KBROWSER CONSOLE: SelectItem

[1A[2KBROWSER CONSOLE: SelectScrollDownButton

[1A[2KBROWSER CONSOLE: Label

[1A[2KBROWSER CONSOLE: Label

[1A[2KBROWSER CONSOLE: SelectScrollUpButton

[1A[2KBROWSER CONSOLE: SelectItem

[1A[2KBROWSER CONSOLE: SelectItemText

[1A[2KBROWSER CONSOLE: SelectItem

[1A[2KBROWSER CONSOLE: SelectItem

[1A[2KBROWSER CONSOLE: SelectItem

[1A[2KBROWSER CONSOLE: SelectCollectionItemSlot

[1A[2KBROWSER CONSOLE: SelectItem

[1A[2KBROWSER CONSOLE: SelectItem

[1A[2KBROWSER CONSOLE: SelectItem

[1A[2KBROWSER CONSOLE: SelectItemText

[1A[2KBROWSER CONSOLE: SelectItem

[1A[2KBROWSER CONSOLE: SelectItem

[1A[2KBROWSER CONSOLE: SelectItem

[1A[2KBROWSER CONSOLE: SelectItem

[1A[2KBROWSER CONSOLE: SelectItem

[1A[2KBROWSER CONSOLE: SelectItemText

[1A[2KBROWSER CONSOLE: SelectItem

[1A[2KBROWSER CONSOLE: SelectItem

[1A[2KBROWSER CONSOLE: SelectItem

[1A[2KBROWSER CONSOLE: SelectItem

[1A[2KBROWSER CONSOLE: SelectItemText

[1A[2KBROWSER CONSOLE: SelectItem

[1A[2KBROWSER CONSOLE: SelectItem

[1A[2KBROWSER CONSOLE: SelectItem

[1A[2KBROWSER CONSOLE: SelectItem

[1A[2KBROWSER CONSOLE: SelectItemText

[1A[2KBROWSER CONSOLE: SelectItem

[1A[2KBROWSER CONSOLE: SelectItem

[1A[2KBROWSER CONSOLE: SelectItem

[1A[2KBROWSER CONSOLE: SelectItemText

[1A[2KBROWSER CONSOLE: SelectItem

[1A[2KBROWSER CONSOLE: SelectItem

[1A[2KBROWSER CONSOLE: SelectItem

[1A[2KBROWSER CONSOLE: SelectItem

[1A[2KBROWSER CONSOLE: SelectItem

[1A[2KBROWSER CONSOLE: SelectItem

[1A[2KBROWSER CONSOLE: SelectItem

[1A[2KBROWSER CONSOLE: SelectItemText

[1A[2KBROWSER CONSOLE: SelectItem

[1A[2KBROWSER CONSOLE: SelectItem

[1A[2KBROWSER CONSOLE: SelectItem

[1A[2KBROWSER CONSOLE: SelectItem

[1A[2KBROWSER CONSOLE: SelectScrollDownButton

[1A[2KBROWSER CONSOLE: Label

[1A[2KBROWSER CONSOLE: SelectValue

[1A[2KBROWSER CONSOLE: SelectValue

[1A[2KBROWSER CONSOLE: SelectScrollUpButton

[1A[2KBROWSER CONSOLE: SelectItem

[1A[2KBROWSER CONSOLE: SelectItemText

[1A[2KBROWSER CONSOLE: SelectScrollDownButton

[1A[2KBROWSER CONSOLE: Label

[1A[2KBROWSER CONSOLE: Remaining Effects

[1A[2KBROWSER CONSOLE: Blocking Track

[1A[2KBROWSER CONSOLE: Transition Track

[1A[2KBROWSER CONSOLE: Suspense Track

[1A[2KBROWSER CONSOLE: Idle Track

[1A[2KBROWSER CONSOLE: Render

[1A[2KBROWSER CONSOLE: [JavaScript Warning: "The resource at ΓÇ£http://localhost:3000/_next/static/media/797e433ab948586e-s.p.dbea232f.woff2ΓÇ¥ preloaded with link preload was not used within a few seconds. Make sure all attributes of the preload tag are set correctly." {file: "http://localhost:3000/students" line: 0}]

[1A[2KBROWSER CONSOLE: [JavaScript Warning: "The resource at ΓÇ£http://localhost:3000/_next/static/media/caa3a2e1cccd8315-s.p.853070df.woff2ΓÇ¥ preloaded with link preload was not used within a few seconds. Make sure all attributes of the preload tag are set correctly." {file: "http://localhost:3000/students" line: 0}]

[1A[2K  1) [chromium] ΓÇ║ tests\students.spec.ts:28:9 ΓÇ║ Module 2: Student Management (P0 Flows) ΓÇ║ 2. Add a new student via the AddStudentDialog form 

    Error: [2mexpect([22m[31mlocator[39m[2m).[22mtoBeHidden[2m([22m[2m)[22m failed

    Locator:  getByRole('heading', { name: 'Add New Student' })
    Expected: hidden
    Received: visible
    Timeout:  15000ms

    Call log:
    [2m  - Expect "toBeHidden" with timeout 15000ms[22m
    [2m  - waiting for getByRole('heading', { name: 'Add New Student' })[22m
    [2m    18 ├ù locator resolved to <h2 data-slot="dialog-title" id="radix-_R_2inebn6lbH1_" class="text-lg leading-none font-semibold">Add New Student</h2>[22m
    [2m       - unexpected value "visible"[22m


      48 |
      49 |         // The dialog should close upon success
    > 50 |         await expect(page.getByRole('heading', { name: 'Add New Student' })).toBeHidden({ timeout: 15000 });
         |                                                                              ^
      51 |
      52 |         // The new student should now appear in the table on the /students page
      53 |         // Wait for the UI to update
        at D:\project admin\dashboard\tests\students.spec.ts:50:78

    Error Context: test-results\students-Module-2-Student--fea50-a-the-AddStudentDialog-form-chromium\error-context.md


[1A[2K  2) [webkit] ΓÇ║ tests\students.spec.ts:28:9 ΓÇ║ Module 2: Student Management (P0 Flows) ΓÇ║ 2. Add a new student via the AddStudentDialog form 

    Error: [2mexpect([22m[31mlocator[39m[2m).[22mtoBeHidden[2m([22m[2m)[22m failed

    Locator:  getByRole('heading', { name: 'Add New Student' })
    Expected: hidden
    Received: visible
    Timeout:  15000ms

    Call log:
    [2m  - Expect "toBeHidden" with timeout 15000ms[22m
    [2m  - waiting for getByRole('heading', { name: 'Add New Student' })[22m
    [2m    18 ├ù locator resolved to <h2 data-slot="dialog-title" id="radix-_R_2inebn6lbH1_" class="text-lg leading-none font-semibold">Add New Student</h2>[22m
    [2m       - unexpected value "visible"[22m


      48 |
      49 |         // The dialog should close upon success
    > 50 |         await expect(page.getByRole('heading', { name: 'Add New Student' })).toBeHidden({ timeout: 15000 });
         |                                                                              ^
      51 |
      52 |         // The new student should now appear in the table on the /students page
      53 |         // Wait for the UI to update
        at D:\project admin\dashboard\tests\students.spec.ts:50:78

    Error Context: test-results\students-Module-2-Student--fea50-a-the-AddStudentDialog-form-webkit\error-context.md


[1A[2K  3) [firefox] ΓÇ║ tests\students.spec.ts:28:9 ΓÇ║ Module 2: Student Management (P0 Flows) ΓÇ║ 2. Add a new student via the AddStudentDialog form 

    Error: [2mexpect([22m[31mlocator[39m[2m).[22mtoBeHidden[2m([22m[2m)[22m failed

    Locator:  getByRole('heading', { name: 'Add New Student' })
    Expected: hidden
    Received: visible
    Timeout:  15000ms

    Call log:
    [2m  - Expect "toBeHidden" with timeout 15000ms[22m
    [2m  - waiting for getByRole('heading', { name: 'Add New Student' })[22m
    [2m    18 ├ù locator resolved to <h2 data-slot="dialog-title" id="radix-_R_2inebn6lbH1_" class="text-lg leading-none font-semibold">Add New Student</h2>[22m
    [2m       - unexpected value "visible"[22m


      48 |
      49 |         // The dialog should close upon success
    > 50 |         await expect(page.getByRole('heading', { name: 'Add New Student' })).toBeHidden({ timeout: 15000 });
         |                                                                              ^
      51 |
      52 |         // The new student should now appear in the table on the /students page
      53 |         // Wait for the UI to update
        at D:\project admin\dashboard\tests\students.spec.ts:50:78

    Error Context: test-results\students-Module-2-Student--fea50-a-the-AddStudentDialog-form-firefox\error-context.md


[1A[2K  3 failed
    [chromium] ΓÇ║ tests\students.spec.ts:28:9 ΓÇ║ Module 2: Student Management (P0 Flows) ΓÇ║ 2. Add a new student via the AddStudentDialog form 
    [firefox] ΓÇ║ tests\students.spec.ts:28:9 ΓÇ║ Module 2: Student Management (P0 Flows) ΓÇ║ 2. Add a new student via the AddStudentDialog form 
    [webkit] ΓÇ║ tests\students.spec.ts:28:9 ΓÇ║ Module 2: Student Management (P0 Flows) ΓÇ║ 2. Add a new student via the AddStudentDialog form 
