tests/global-ui-harmonization.spec.ts(1,36): error TS2307: Cannot find module '@playwright/test' or its corresponding type declarations.
tests/global-ui-harmonization.spec.ts(26,18): error TS7031: Binding element 'browserName' implicitly has an 'any' type.
tests/global-ui-harmonization.spec.ts(28,50): error TS7031: Binding element 'page' implicitly has an 'any' type.
tests/global-ui-harmonization.spec.ts(33,54): error TS7031: Binding element 'page' implicitly has an 'any' type.
tests/global-ui-harmonization.spec.ts(38,56): error TS7031: Binding element 'page' implicitly has an 'any' type.
tests/global-ui-harmonization.spec.ts(43,56): error TS7031: Binding element 'page' implicitly has an 'any' type.
tests/global-ui-harmonization.spec.ts(55,69): error TS7031: Binding element 'page' implicitly has an 'any' type.
tests/global-ui-harmonization.spec.ts(61,78): error TS7031: Binding element 'page' implicitly has an 'any' type.
tests/global-ui-harmonization.spec.ts(67,70): error TS7031: Binding element 'page' implicitly has an 'any' type.
tests/global-ui-harmonization.spec.ts(77,64): error TS7031: Binding element 'page' implicitly has an 'any' type.
tests/global-ui-harmonization.spec.ts(90,79): error TS7031: Binding element 'page' implicitly has an 'any' type.
tests/global-ui-harmonization.spec.ts(101,57): error TS7006: Parameter 'el' implicitly has an 'any' type.
tests/global-ui-harmonization.spec.ts(107,74): error TS7031: Binding element 'page' implicitly has an 'any' type.
tests/global-ui-harmonization.spec.ts(122,68): error TS7031: Binding element 'page' implicitly has an 'any' type.
tests/global-ui-harmonization.spec.ts(142,60): error TS7031: Binding element 'page' implicitly has an 'any' type.
tests/global-ui-harmonization.spec.ts(172,70): error TS7031: Binding element 'page' implicitly has an 'any' type.
tests/global-ui-harmonization.spec.ts(189,65): error TS7031: Binding element 'page' implicitly has an 'any' type.
tests/global-ui-harmonization.spec.ts(197,66): error TS7031: Binding element 'page' implicitly has an 'any' type.
